List of 14
 $ regressors           : chr "data/genotype.bySample.thin"
 $ outcomes             : chr "data/expression.thin"
 $ fixef                : chr "data/fixef.tab"
 $ ranef                : chr "data/ranef.tab"
 $ genespos             : chr "data/genespos.sqlite"
 $ snpspos              : chr "data/snpspos.sqlite"
 $ cis-window           : num 5e+05
 $ trans-pvalue         : num 1
 $ cis-pvalue           : num 1
 $ cores                : num 1
 $ max-regressions      : int 10000
 $ regressors-chunk-size: int 1000
 $ header               : logi FALSE
 $ help                 : logi FALSE
reading outcomes data...
done:
'data.frame':	14 obs. of  3 variables:
 $ reporterID: chr  "1007_s_at" "1007_s_at" "1007_s_at" "1007_s_at" ...
 $ sampleID  : chr  "subj1-measure1" "subj1-measure2" "subj2-measure1" "subj2-measure2" ...
 $ expression: num  0.5 2.5 -4 -3 1.1 2.2 3.3 15 25 4 ...
reading fixed effects data...
done:
'data.frame':	7 obs. of  4 variables:
 $ sampleID: chr  "subj1-measure1" "subj1-measure2" "subj2-measure1" "subj2-measure2" ...
 $ F1      : chr  "before" "after" "before" "after" ...
 $ F2      : chr  "male" "male" "female" "female" ...
 $ F3      : int  24 24 35 35 51 18 77
reading random effects data...
done:
'data.frame':	7 obs. of  2 variables:
 $ sampleID: chr  "subj1-measure1" "subj1-measure2" "subj2-measure1" "subj2-measure2" ...
 $ R1      : chr  "subj1" "subj1" "subj2" "subj2" ...
merging covariates data...
'data.frame':	7 obs. of  5 variables:
 $ sampleID: chr  "subj1-measure1" "subj1-measure2" "subj2-measure1" "subj2-measure2" ...
 $ F1      : chr  "before" "after" "before" "after" ...
 $ F2      : chr  "male" "male" "female" "female" ...
 $ F3      : int  24 24 35 35 51 18 77
 $ R1      : chr  "subj1" "subj1" "subj2" "subj2" ...
merging outcomes data...
'data.frame':	14 obs. of  7 variables:
 $ sampleID  : chr  "subj1-measure1" "subj1-measure2" "subj2-measure1" "subj2-measure2" ...
 $ reporterID: chr  "1007_s_at" "1007_s_at" "1007_s_at" "1007_s_at" ...
 $ expression: num  0.5 2.5 -4 -3 1.1 2.2 3.3 15 25 4 ...
 $ F1        : chr  "before" "after" "before" "after" ...
 $ F2        : chr  "male" "male" "female" "female" ...
 $ F3        : int  24 24 35 35 51 18 77 24 24 35 ...
 $ R1        : chr  "subj1" "subj1" "subj2" "subj2" ...
model formula:
expression ~ alleleCopyNumber + F1 + F2 + F3 + (1 | R1)

checking input data format...
OK. detected 7 samples:
 chr [1:7] "subj1-measure1" "subj1-measure2" "subj2-measure1" ...
output columns: 'reporterID', 'regressorID', 'pvalue', 'beta', 't', 'nobs', 'isCis'
session info:
R version 3.2.3 (2015-12-10)
Platform: x86_64-pc-linux-gnu (64-bit)
Running under: Ubuntu 16.04.1 LTS

locale:
 [1] LC_CTYPE=en_US.UTF-8       LC_NUMERIC=C              
 [3] LC_TIME=en_US.UTF-8        LC_COLLATE=en_US.UTF-8    
 [5] LC_MONETARY=pl_PL.UTF-8    LC_MESSAGES=en_US.UTF-8   
 [7] LC_PAPER=pl_PL.UTF-8       LC_NAME=C                 
 [9] LC_ADDRESS=C               LC_TELEPHONE=C            
[11] LC_MEASUREMENT=pl_PL.UTF-8 LC_IDENTIFICATION=C       

attached base packages:
[1] methods   stats     graphics  grDevices utils     datasets  base     

other attached packages:
[1] RSQLite_1.0.0  DBI_0.5-1      lme4_1.1-12    Matrix_1.2-7.1 plyr_1.8.4    
[6] reshape_0.8.5  optparse_1.3.2

loaded via a namespace (and not attached):
[1] minqa_1.2.4     MASS_7.3-45     Rcpp_0.12.7     getopt_1.20.0  
[5] splines_3.2.3   nlme_3.1-128    grid_3.2.3      nloptr_1.0.4   
[9] lattice_0.20-34

=> main loop started on Thu Sep 22 12:07:40 2016

no more lines in input: terminating...

=> main loop completed on Thu Sep 22 12:07:40 2016

2 regressors processed in 0.2824538 secs
 reading input: 0.002655506 secs
 joining input data: 0.001203537 secs
 processing: 0.1207082 secs
 filtering output: 0.006794691 secs
 writing output: 0.0009281635 secs
 garbage collection: 0.1297688 secs
analysis completed.
