1007_s_at	rs1	0.00622186434565311	-4.04857761680287	-12.6184424628884	7	cis
1007_s_at	rs2	0.441869643456112	1.61617565871538	0.951265320844849	7	trans
1053_at	rs1	0.822474667032439	1.36512385563219	0.255110855439914	7	trans
1053_at	rs2	0.470119752767846	-2.41735264536876	-0.883608245490483	7	cis
