reading outcomes data...
done:
'data.frame':	14 obs. of  3 variables:
 $ reporterID: chr  "1007_s_at" "1007_s_at" "1007_s_at" "1007_s_at" ...
 $ sampleID  : chr  "subj1-measure1" "subj1-measure2" "subj2-measure1" "subj2-measure2" ...
 $ expression: num  0.5 2.5 -4 -3 1.1 2.2 3.3 15 25 4 ...
reading fixed effects data...
done:
'data.frame':	7 obs. of  4 variables:
 $ sampleID: chr  "subj1-measure1" "subj1-measure2" "subj2-measure1" "subj2-measure2" ...
 $ F1      : Factor w/ 2 levels "after","before": 2 1 2 1 2 1 2
 $ F2      : chr  "male" "male" "female" "female" ...
 $ F3      : int  24 24 35 35 51 18 77
reading random effects data...
done:
'data.frame':	7 obs. of  2 variables:
 $ sampleID: chr  "subj1-measure1" "subj1-measure2" "subj2-measure1" "subj2-measure2" ...
 $ R1      : Factor w/ 5 levels "subj1","subj2",..: 1 1 2 2 3 4 5
model formula:
expression ~ alleleCopyNumber + F1 + F2 + F3 + (1 | R1)
building main data matrix...
done:
'data.frame':	14 obs. of  9 variables:
 $ sampleID        : chr  "subj1-measure1" "subj1-measure1" "subj1-measure2" "subj1-measure2" ...
 $ SNPID           : chr  "rs1" "rs1" "rs1" "rs1" ...
 $ alleleCopyNumber: num  0 0 0 0 2 2 2 2 1 1 ...
 $ reporterID      : chr  "1007_s_at" "1053_at" "1007_s_at" "1053_at" ...
 $ expression      : num  0.5 15 2.5 25 -4 4 -3 -3 1.1 12 ...
 $ F1              : Factor w/ 2 levels "after","before": 2 2 1 1 2 2 1 1 2 2 ...
 $ F2              : chr  "male" "male" "male" "male" ...
 $ F3              : int  24 24 24 24 35 35 35 35 51 51 ...
 $ R1              : Factor w/ 5 levels "subj1","subj2",..: 1 1 1 1 2 2 2 2 3 3 ...
fitting models...
done.
filtering results...
done:
'data.frame':	2 obs. of  7 variables:
 $ reporterID: chr  "1007_s_at" "1053_at"
 $ SNPID     : chr  "rs1" "rs1"
 $ pvalue    : num  1.67e-36 7.99e-01
 $ beta      : num  -4.05 1.37
 $ t         : num  -12.618 0.255
 $ nobs      : int  7 7
 $ isCis     : chr  "cis" "trans"
writing to standard output...
done.
building main data matrix...
done:
'data.frame':	14 obs. of  9 variables:
 $ sampleID        : chr  "subj1-measure1" "subj1-measure1" "subj1-measure2" "subj1-measure2" ...
 $ SNPID           : chr  "rs2" "rs2" "rs2" "rs2" ...
 $ alleleCopyNumber: num  2 2 2 2 0 0 0 0 0 0 ...
 $ reporterID      : chr  "1007_s_at" "1053_at" "1007_s_at" "1053_at" ...
 $ expression      : num  0.5 15 2.5 25 -4 4 -3 -3 1.1 12 ...
 $ F1              : Factor w/ 2 levels "after","before": 2 2 1 1 2 2 1 1 2 2 ...
 $ F2              : chr  "male" "male" "male" "male" ...
 $ F3              : int  24 24 24 24 35 35 35 35 51 51 ...
 $ R1              : Factor w/ 5 levels "subj1","subj2",..: 1 1 1 1 2 2 2 2 3 3 ...
fitting models...
done.
filtering results...
done:
'data.frame':	2 obs. of  7 variables:
 $ reporterID: chr  "1007_s_at" "1053_at"
 $ SNPID     : chr  "rs2" "rs2"
 $ pvalue    : num  0.341 0.377
 $ beta      : num  1.62 -2.42
 $ t         : num  0.951 -0.884
 $ nobs      : int  7 7
 $ isCis     : chr  "trans" "cis"
writing to standard output...
done.
analysis completed.
