1007_s_at	rs1	1.67093397348574e-36
1007_s_at	rs2	0.341469612263285
1053_at	rs1	0.798637480077157
1053_at	rs2	0.376907726409755
