List of 13
 $ regressors           : chr "-"
 $ outcomes             : chr "data/expression.thin"
 $ fixef                : chr "data/fixef.tab"
 $ ranef                : chr "data/ranef.tab"
 $ genespos             : chr "data/genespos.sqlite"
 $ snpspos              : chr "data/snpspos.sqlite"
 $ cis-window           : num 5e+05
 $ trans-pvalue         : num 1
 $ cis-pvalue           : num 1
 $ cores                : num 1
 $ max-regressions      : int 10000
 $ regressors-chunk-size: int 1000
 $ help                 : logi FALSE
reading outcomes data...
done:
'data.frame':	14 obs. of  3 variables:
 $ reporterID: chr  "1007_s_at" "1007_s_at" "1007_s_at" "1007_s_at" ...
 $ sampleID  : chr  "subj1-measure1" "subj1-measure2" "subj2-measure1" "subj2-measure2" ...
 $ expression: num  0.5 2.5 -4 -3 1.1 2.2 3.3 15 25 4 ...
reading fixed effects data...
done:
'data.frame':	7 obs. of  4 variables:
 $ sampleID: chr  "subj1-measure1" "subj1-measure2" "subj2-measure1" "subj2-measure2" ...
 $ F1      : Factor w/ 2 levels "after","before": 2 1 2 1 2 1 2
 $ F2      : Factor w/ 2 levels "female","male": 2 2 1 1 2 1 1
 $ F3      : int  24 24 35 35 51 18 77
reading random effects data...
done:
'data.frame':	7 obs. of  2 variables:
 $ sampleID: chr  "subj1-measure1" "subj1-measure2" "subj2-measure1" "subj2-measure2" ...
 $ R1      : Factor w/ 5 levels "subj1","subj2",..: 1 1 2 2 3 4 5
merging covariates data...
'data.frame':	7 obs. of  5 variables:
 $ sampleID: chr  "subj1-measure1" "subj1-measure2" "subj2-measure1" "subj2-measure2" ...
 $ F1      : Factor w/ 2 levels "after","before": 2 1 2 1 2 1 2
 $ F2      : Factor w/ 2 levels "female","male": 2 2 1 1 2 1 1
 $ F3      : int  24 24 35 35 51 18 77
 $ R1      : Factor w/ 5 levels "subj1","subj2",..: 1 1 2 2 3 4 5
merging outcomes data...
'data.frame':	14 obs. of  7 variables:
 $ sampleID  : chr  "subj1-measure1" "subj1-measure2" "subj2-measure1" "subj2-measure2" ...
 $ reporterID: chr  "1007_s_at" "1007_s_at" "1007_s_at" "1007_s_at" ...
 $ expression: num  0.5 2.5 -4 -3 1.1 2.2 3.3 15 25 4 ...
 $ F1        : Factor w/ 2 levels "after","before": 2 1 2 1 2 1 2 2 1 2 ...
 $ F2        : Factor w/ 2 levels "female","male": 2 2 1 1 2 1 1 2 2 1 ...
 $ F3        : int  24 24 35 35 51 18 77 24 24 35 ...
 $ R1        : Factor w/ 5 levels "subj1","subj2",..: 1 1 2 2 3 4 5 1 1 2 ...
model formula:
expression ~ alleleCopyNumber + F1 + F2 + F3 + (1 | R1)

=> main loop started on Fri May 23 10:03:29 2014

no more lines in input: terminating...

=> main loop completed on Fri May 23 10:03:32 2014

2 regressors processed in 3.529104 secs
 reading input: 0.04262066 secs
 joining data: 0.005215168 secs
 processing: 1.924706 secs
 filtering output: 0.1128097 secs
 writing output: 0.003149033 secs
 garbage collection: 1.213194 secs
analysis completed.
