F : 'data.frame':	100 obs. of  2 variables:
 $ sampleID: Factor w/ 100 levels "sample1","sample10",..: 1 13 24 35 46 57 68 79 90 2 ...
 $ F1      : num  0.114 0.622 0.609 0.623 0.861 ...
option_list : List of 6
 $ :Formal class 'OptionParserOption' [package "optparse"] with 8 slots
 $ :Formal class 'OptionParserOption' [package "optparse"] with 8 slots
 $ :Formal class 'OptionParserOption' [package "optparse"] with 8 slots
 $ :Formal class 'OptionParserOption' [package "optparse"] with 8 slots
 $ :Formal class 'OptionParserOption' [package "optparse"] with 8 slots
 $ :Formal class 'OptionParserOption' [package "optparse"] with 8 slots
opts : List of 7
 $ regressors: num 2
 $ outcomes  : num 1000
 $ samples   : num 100
 $ fixef     : num 1
 $ output    : chr "/tmp/tmp.WTWobSPFfX"
 $ seed      : num 1234
 $ help      : logi FALSE
outcomesIDs :  chr [1:1000] "outcome1" "outcome2" "outcome3" "outcome4" ...
parser : Formal class 'OptionParser' [package "optparse"] with 4 slots
R : 'data.frame':	100 obs. of  2 variables:
 $ sampleID: Factor w/ 100 levels "sample1","sample10",..: 1 13 24 35 46 57 68 79 90 2 ...
 $ R1      : Factor w/ 2 levels "1","2": 1 2 1 2 1 2 1 2 1 2 ...
regressorsIDs :  chr [1:2] "regressor1" "regressor2"
samplesIDs :  chr [1:100] "sample1" "sample2" "sample3" "sample4" "sample5" ...
X : 'data.frame':	200 obs. of  3 variables:
 $ regressorID: Factor w/ 2 levels "regressor1","regressor2": 1 1 1 1 1 1 1 1 1 1 ...
 $ sampleID   : Factor w/ 100 levels "sample1","sample10",..: 1 2 3 4 5 6 7 8 9 10 ...
 $ value      : num  0.5449 0.7624 0.7807 0.0215 0.6784 ...
Y : 'data.frame':	100000 obs. of  3 variables:
 $ outcomeID: Factor w/ 1000 levels "outcome1","outcome10",..: 1 1 1 1 1 1 1 1 1 1 ...
 $ sampleID : Factor w/ 100 levels "sample1","sample10",..: 1 2 3 4 5 6 7 8 9 10 ...
 $ value    : num  -1.806 0.0808 -0.3445 0.3169 0.2959 ...
chromosomeLength = 2000
  reporterID chromosome start end
1   outcome1          1     1   2
2   outcome2          1     3   4
3   outcome3          1     5   6
4   outcome4          1     7   8
5   outcome5          1     9  10
6   outcome6          1    11  12
       SNPID chromosome position
1 regressor1          1        1
2 regressor2          1     2001
analysis completed.
List of 14
 $ regressors           : chr "/tmp/tmp.WTWobSPFfX/regressors"
 $ outcomes             : chr "/tmp/tmp.WTWobSPFfX/outcomes"
 $ fixef                : chr "/tmp/tmp.WTWobSPFfX/fixef"
 $ ranef                : chr "/tmp/tmp.WTWobSPFfX/ranef"
 $ genespos             : chr "/tmp/tmp.WTWobSPFfX/genespos.sqlite"
 $ snpspos              : chr "/tmp/tmp.WTWobSPFfX/snpspos.sqlite"
 $ cis-window           : num 5e+05
 $ trans-pvalue         : num 0.001
 $ cis-pvalue           : num 0.1
 $ cores                : num 1
 $ max-regressions      : int 10000
 $ regressors-chunk-size: int 1000
 $ header               : logi FALSE
 $ help                 : logi FALSE
reading outcomes data...
done:
'data.frame':	100000 obs. of  3 variables:
 $ reporterID: chr  "outcome1" "outcome1" "outcome1" "outcome1" ...
 $ sampleID  : chr  "sample1" "sample10" "sample100" "sample11" ...
 $ expression: num  -1.806 0.0808 -0.3445 0.3169 0.2959 ...
reading fixed effects data...
done:
'data.frame':	100 obs. of  2 variables:
 $ sampleID: chr  "sample1" "sample2" "sample3" "sample4" ...
 $ F1      : num  0.114 0.622 0.609 0.623 0.861 ...
reading random effects data...
done:
'data.frame':	100 obs. of  2 variables:
 $ sampleID: chr  "sample1" "sample2" "sample3" "sample4" ...
 $ R1      : int  1 2 1 2 1 2 1 2 1 2 ...
merging covariates data...
'data.frame':	100 obs. of  3 variables:
 $ sampleID: chr  "sample1" "sample10" "sample100" "sample11" ...
 $ F1      : num  0.114 0.514 0.742 0.694 0.545 ...
 $ R1      : int  1 2 2 1 2 1 2 1 2 1 ...
merging outcomes data...
'data.frame':	100000 obs. of  5 variables:
 $ sampleID  : chr  "sample1" "sample10" "sample100" "sample11" ...
 $ reporterID: chr  "outcome1" "outcome1" "outcome1" "outcome1" ...
 $ expression: num  -1.806 0.0808 -0.3445 0.3169 0.2959 ...
 $ F1        : num  0.114 0.514 0.742 0.694 0.545 ...
 $ R1        : int  1 2 2 1 2 1 2 1 2 1 ...
model formula:
expression ~ alleleCopyNumber + F1 + (1 | R1)

checking input data format...
OK. detected 100 samples:
 chr [1:100] "sample1" "sample10" "sample100" "sample11" ...
output columns: 'reporterID', 'regressorID', 'pvalue', 'beta', 't', 'nobs', 'isCis'
session info:
R version 3.1.1 Patched (2014-08-16 r66408)
Platform: x86_64-unknown-linux-gnu (64-bit)

locale:
 [1] LC_CTYPE=en_US.UTF-8       LC_NUMERIC=C              
 [3] LC_TIME=en_US.UTF-8        LC_COLLATE=en_US.UTF-8    
 [5] LC_MONETARY=en_US.UTF-8    LC_MESSAGES=en_US.UTF-8   
 [7] LC_PAPER=en_US.UTF-8       LC_NAME=C                 
 [9] LC_ADDRESS=C               LC_TELEPHONE=C            
[11] LC_MEASUREMENT=en_US.UTF-8 LC_IDENTIFICATION=C       

attached base packages:
[1] methods   stats     graphics  grDevices utils     datasets  base     

other attached packages:
[1] RSQLite_0.11.4 DBI_0.2-7      lme4_1.1-7     Rcpp_0.11.2    Matrix_1.1-4  
[6] plyr_1.8.1     reshape_0.8.5  optparse_1.2.0

loaded via a namespace (and not attached):
[1] getopt_1.20.0   grid_3.1.1      lattice_0.20-29 MASS_7.3-33    
[5] minqa_1.2.3     nlme_3.1-117    nloptr_1.0.4    splines_3.1.1  

=> main loop started on Sun Aug 17 04:05:50 2014

no more lines in input: terminating...

=> main loop completed on Sun Aug 17 04:07:52 2014

2 regressors processed in 2.026414 mins
 reading input: 0.009041786 secs
 joining data: 1.956654 secs
 processing: 119.2583 secs
 filtering output: 0.02347755 secs
 writing output: 0.003709078 secs
 garbage collection: 0.2865198 secs
analysis completed.
