outcome103	regressor2	0.0325365623227719	-0.770111615153641	-2.13775587072505	100	cis
outcome11	regressor1	0.033541147320197	0.712108746845109	2.12554519231101	100	cis
outcome130	regressor2	0.050405002241782	0.749531542728581	1.95651087829599	100	cis
outcome142	regressor2	0.0894473589886824	0.664084608760137	1.69832012173891	100	cis
outcome144	regressor2	0.0862931878322179	0.56322846172717	1.71528390583076	100	cis
outcome147	regressor2	0.0607942019846332	-0.704636314375118	-1.87498925338523	100	cis
outcome14	regressor2	0.0698238767059064	0.634179086564488	1.81305151210422	100	cis
outcome152	regressor1	0.00394689242316357	0.937232714793556	2.88237536590414	100	cis
outcome159	regressor2	0.0827822583222105	0.623252432949748	1.73476601340515	100	cis
outcome164	regressor2	0.0517480106645231	0.780391783333931	1.94522411506967	100	cis
outcome165	regressor1	0.0596990309057334	-0.673062623529183	-1.88300986620051	100	cis
outcome166	regressor2	0.0532927604353382	0.730221159916018	1.93254105018313	100	cis
outcome169	regressor1	0.0626251118097336	-0.593534848437114	-1.86184379165077	100	cis
outcome199	regressor1	0.0349360944043778	0.801735466696407	2.109098336774	100	cis
outcome208	regressor2	0.0356766696939756	-0.682758612021833	-2.1005934479593	100	cis
outcome225	regressor2	0.021991405334855	-0.826901203337237	-2.29051629034619	100	cis
outcome228	regressor1	0.071017367645301	-0.717821214605752	-1.80536638555492	100	cis
outcome234	regressor1	0.0359061115822172	-0.774416981592756	-2.09798906238092	100	cis
outcome234	regressor2	0.0587896835980864	-0.717369945905025	-1.88976285410884	100	cis
outcome236	regressor1	0.0330120809620878	0.688156034855815	2.13193633159149	100	cis
outcome238	regressor2	0.068902658499351	-0.593636714943203	-1.81905749747385	100	cis
outcome240	regressor2	0.0777786186905564	0.624164109029039	1.76372304837767	100	cis
outcome242	regressor1	0.0564002995986698	-0.654120576110962	-1.90792972639492	100	cis
outcome242	regressor2	0.060349122900411	0.659882566811724	1.87823427759309	100	cis
outcome249	regressor1	0.00138082463148325	1.08965939305247	3.19862957903426	100	cis
outcome253	regressor2	0.0350100544544206	0.759595229206706	2.10824208765349	100	cis
outcome254	regressor1	0.0211542302870382	0.77101080257573	2.30522044701617	100	cis
outcome256	regressor2	0.0802286607247205	-0.562741815185921	-1.74936086733439	100	cis
outcome267	regressor1	0.0925271200855481	0.560835840522436	1.68221518773859	100	cis
outcome269	regressor2	0.0681203775322091	0.701193762613246	1.82420968790928	100	cis
outcome271	regressor2	0.00377797601672558	0.971928529661583	2.8961285526892	100	cis
outcome273	regressor1	0.0641410807872831	0.700337371046884	1.85119794858801	100	cis
outcome276	regressor2	0.0574592786140935	-0.70789335569808	-1.89980070330654	100	cis
outcome282	regressor2	0.043210158959617	-0.713265638405032	-2.02167286483455	100	cis
outcome28	regressor2	0.033548206647807	-0.769937584202561	-2.12546050021042	100	cis
outcome301	regressor2	0.0900445239332451	0.668058837367558	1.69516289341721	100	cis
outcome302	regressor1	0.0900741080738507	0.598925004867524	1.69500691990512	100	cis
outcome305	regressor1	0.0615853007902517	0.663471592475476	1.86926970456509	100	cis
outcome307	regressor2	0.0979408374825312	0.63559713752631	1.65491945409525	100	cis
outcome309	regressor1	0.0789333143640794	-0.57260670802974	-1.75690904098492	100	cis
outcome30	regressor1	0.0462759764616038	0.69504323975229	1.9928673311227	100	cis
outcome316	regressor1	0.0489805441570392	-0.649371021101207	-1.96876098776617	100	cis
outcome316	regressor2	0.0955394810741442	0.566345700035572	1.66687390318284	100	cis
outcome317	regressor2	0.0700524998357606	-0.658732191430364	-1.81157106092615	100	cis
outcome319	regressor2	0.0114470343508347	0.904615757893963	2.52874750871309	100	cis
outcome31	regressor1	0.084072808989726	-0.633235007135622	-1.72752840137142	100	cis
outcome31	regressor2	0.0680778536232788	0.683775436742748	1.82449114641938	100	cis
outcome321	regressor1	0.087392671767382	-0.602742552150611	-1.70931470021535	100	cis
outcome324	regressor2	0.0127974593254924	-0.920417616442727	-2.48935643307366	100	cis
outcome332	regressor1	0.0811678975593089	0.644680139086994	1.74394949137603	100	cis
outcome332	regressor2	0.0345143233829059	-0.79472959310404	-2.11401105192475	100	cis
outcome334	regressor1	0.0680516093753948	0.656193610264689	1.82466492477874	100	cis
outcome338	regressor1	0.0661107222897772	-0.647014557339941	-1.83767220278836	100	cis
outcome348	regressor1	0.0342138125734546	-0.662202804161442	-2.11754273278119	100	cis
outcome354	regressor2	0.0106643154291089	-1.02938596575704	-2.55351020243285	100	cis
outcome35	regressor2	0.0522394411970028	0.764264031290513	1.94115531600462	100	cis
outcome362	regressor2	0.0378778532753085	-0.798206324377244	-2.07617408394148	100	cis
outcome369	regressor2	0.0918429574376158	0.656003012108767	1.68575521302923	100	cis
outcome370	regressor2	0.00938654527654634	-0.819372304976226	-2.59764510093429	100	cis
outcome382	regressor2	0.088362055245545	0.616165972181426	1.70410188122424	100	cis
outcome385	regressor1	0.0255969474917829	-0.814535095366848	-2.23227266307481	100	cis
outcome387	regressor1	0.0888359061613241	0.610056482658421	1.70157052836902	100	cis
outcome393	regressor1	0.0834845703062013	0.570144444150558	1.73081609501666	100	cis
outcome393	regressor2	0.00392260882006368	0.9481843187456	2.88431923838496	100	cis
outcome396	regressor1	0.0684493017324679	0.577206705738884	1.82203746129547	100	cis
outcome398	regressor2	0.00841852712789738	-0.922662733824372	-2.63480645358729	100	cis
outcome401	regressor1	0.0421432337147575	0.704057203609009	2.03210296088566	100	cis
outcome403	regressor1	0.0916943876320012	0.598036783193437	1.68652674794614	100	cis
outcome404	regressor2	0.0224563650724841	0.71910269727106	2.28255888642759	100	cis
outcome406	regressor2	0.0551687914217282	0.684072796814477	1.91754451445988	100	cis
outcome413	regressor2	0.00441883550201094	-1.0025357824627	-2.84660355163418	100	cis
outcome416	regressor2	0.00222730626418183	1.03267729144663	3.05811964829748	100	cis
outcome421	regressor2	0.026064441657946	0.829683658356251	2.22525027296025	100	cis
outcome429	regressor1	0.0877774089432111	0.679219389647363	1.70724023762796	100	cis
outcome434	regressor2	0.008145322439358	0.967060627992086	2.6459858466748	100	cis
outcome436	regressor2	0.0830663797742703	-0.676825624580789	-1.73316480967401	100	cis
outcome439	regressor1	0.00185922952488431	-1.1118104628754	-3.11184362872866	100	cis
outcome443	regressor1	0.0944478989257502	0.625706923805376	1.67238768497562	100	cis
outcome446	regressor2	0.0679009288950019	0.690286194884683	1.82566373545026	100	cis
outcome451	regressor2	0.0725287170302779	0.650764929166659	1.79578500131138	100	cis
outcome457	regressor1	0.0439239305382586	0.686256739201247	2.01481601345109	100	cis
outcome458	regressor2	0.0951873626459277	-0.569054627899904	-1.6686469791053	100	cis
outcome462	regressor1	0.0227312527607727	0.86988379389916	2.27792153851597	100	cis
outcome466	regressor2	0.0394549669258231	0.729152455397055	2.05941012201083	100	cis
outcome469	regressor1	0.0514410978685054	-0.745191202628327	-1.94778162904745	100	cis
outcome488	regressor1	0.076413553290723	0.698407406649844	1.77188557564612	100	cis
outcome500	regressor1	0.0635697864326271	-0.567208325129313	-1.85518518569835	100	cis
outcome504	regressor1	0.0989327728049506	0.630419262859905	1.65004969288863	100	cis
outcome506	regressor2	0.0156373806696265	-0.85921123728886	-2.41727075271907	100	cis
outcome50	regressor2	0.0390156898426308	0.762043861941629	2.06402137440809	100	cis
outcome514	regressor2	0.037577640532011	0.700718716521724	2.07943223200632	100	cis
outcome520	regressor1	0.0995824417238426	0.563999182778413	1.64688132213601	100	cis
outcome521	regressor2	0.0586471887818158	0.695527164307665	1.89082889407807	100	cis
outcome525	regressor1	0.0929730483849698	-0.541221321104425	-1.67991914462347	100	cis
outcome525	regressor2	0.0928510641153085	-0.554512268704449	-1.68054635026562	100	cis
outcome527	regressor1	0.0308809260393631	-0.765502328292198	-2.15860369263445	100	cis
outcome537	regressor2	0.0232805192845352	-0.849281770428152	-2.26879953483228	100	cis
outcome541	regressor2	0.00841582098278195	0.908247113494675	2.63491558609405	100	cis
outcome547	regressor2	0.0323485706730985	0.771917861508339	2.14007667600483	100	cis
outcome549	regressor1	0.0203096112693548	-0.827670604920396	-2.32057835950317	100	cis
outcome549	regressor2	0.0366887437353146	-0.767002999768006	-2.08921088820269	100	cis
outcome554	regressor1	0.0756822581942527	0.609357509631882	1.77630743642216	100	cis
outcome559	regressor1	0.042898301319244	0.793358395889526	2.02469880595906	100	cis
outcome563	regressor1	0.00161512881679328	1.11274805987269	3.15316067346018	100	cis
outcome568	regressor1	0.0956073710463073	-0.525025503295954	-1.66653264832323	100	cis
outcome569	regressor2	0.0334383957170268	0.843730680301256	2.12677965231291	100	cis
outcome56	regressor1	0.0376561476395674	0.81055253783075	2.07857807789851	100	cis
outcome56	regressor2	0.0199907526878669	0.924213549116731	2.32652139065011	100	cis
outcome570	regressor1	0.0379573695027463	-0.723229957678872	-2.07531479102985	100	cis
outcome576	regressor2	0.0909747803773497	-0.600342908587663	-1.69027800826018	100	cis
outcome578	regressor1	0.0172211275325164	-0.822660575336374	-2.38195230939882	100	cis
outcome579	regressor1	0.0975830693309091	0.5682075394314	1.65668553330148	100	cis
outcome582	regressor2	0.0642283644785473	-0.771389510118954	-1.85059135413336	100	cis
outcome590	regressor2	0.0500400888384925	-0.706811475045939	-1.95962113807125	100	cis
outcome592	regressor2	0.0866570052257551	0.620360695234163	1.71330194247566	100	cis
outcome595	regressor2	0.0207691581150641	-0.766215524555068	-2.31215472795885	100	cis
outcome597	regressor2	0.0993382472650093	-0.686776546563719	-1.64807029418835	100	cis
outcome606	regressor2	0.07507760483899	0.678049093335921	1.7799899537337	100	cis
outcome609	regressor2	0.0933934956413671	0.665790894426115	1.67776238285172	100	cis
outcome618	regressor2	0.0107667882326525	0.878438837280247	2.55017816046665	100	cis
outcome624	regressor1	0.0268406605210252	0.694179956603489	2.21382731172919	100	cis
outcome625	regressor1	0.0578141059915856	0.652610591000957	1.89710481399916	100	cis
outcome626	regressor1	0.0239479998852488	0.734066343092088	2.25796246122452	100	cis
outcome626	regressor2	0.0693274481348567	-0.610156907072042	-1.81627989219432	100	cis
outcome628	regressor2	0.024548362329945	0.895833022993213	2.24843661946292	100	cis
outcome631	regressor1	0.0428961654823623	0.758232841856059	2.02471959391082	100	cis
outcome641	regressor1	0.0404950335076071	-0.711759893676907	-2.0486634709692	100	cis
outcome642	regressor2	0.0528153075308043	-0.663944570200866	-1.93642796223586	100	cis
outcome644	regressor2	0.00117402772046939	1.06690702852739	3.24511603903958	100	cis
outcome652	regressor2	0.0759904450303129	0.577668069329009	1.77443971790861	100	cis
outcome659	regressor1	0.0910752804847771	0.595305648606904	1.689752678564	100	cis
outcome65	regressor1	0.0351588630105254	0.73643999743392	2.1065239724303	100	cis
outcome665	regressor1	0.0999862992400272	-0.56262060427649	-1.64492005165399	100	cis
outcome666	regressor1	0.00812949139761844	-0.919674003567772	-2.64664387968763	100	cis
outcome672	regressor2	0.0266696023793339	-0.976260560394975	-2.21631988118862	100	cis
outcome674	regressor2	0.0142050679893047	0.796815354277695	2.45203541644516	100	cis
outcome676	regressor2	0.0231038578082265	0.820647098720806	2.27171287884004	100	cis
outcome677	regressor1	0.056554247564005	0.636225054824442	1.90674013029171	100	cis
outcome685	regressor1	0.056123015138911	0.675013536568183	1.91007921188378	100	cis
outcome694	regressor1	0.0551653139258192	0.620067606214733	1.91757191653037	100	cis
outcome697	regressor1	0.0255513695103154	0.754338537820735	2.2329632262456	100	cis
outcome700	regressor1	0.0552058968838734	0.720754292682892	1.91725221939791	100	cis
outcome703	regressor2	0.0979739794096469	0.512451349983549	1.65475611399078	100	cis
outcome706	regressor1	0.0973154942234874	0.608796719716165	1.65800977086267	100	cis
outcome706	regressor2	0.017532005072146	0.880315039132587	2.37535656163288	100	cis
outcome713	regressor1	0.0163137815382378	0.847503282156108	2.40181892446443	100	cis
outcome715	regressor2	0.0225214472260048	0.812741770932321	2.28145651268433	100	cis
outcome717	regressor2	0.0678800113192437	0.642094451163089	1.82580253514411	100	cis
outcome719	regressor2	0.0403909461866265	0.762040629910441	2.04972835727825	100	cis
outcome721	regressor1	0.0254889365170573	0.817298571713068	2.23391089557208	100	cis
outcome728	regressor2	0.0978760595201232	-0.476081322397954	-1.6552388400612	100	cis
outcome731	regressor1	0.0594756159426405	0.626105439226348	1.88466103706625	100	cis
outcome731	regressor2	0.0233290405362729	-0.764321403442701	-2.26800272585794	100	cis
outcome733	regressor2	0.0656129436414464	0.698583390308691	1.84105879154333	100	cis
outcome738	regressor1	0.0303044258367373	0.692311149825883	2.1660884865942	100	cis
outcome73	regressor2	0.081096562843067	0.604032612268731	1.74435869430872	100	cis
outcome742	regressor2	0.0807941415449	0.60022335996055	1.74609674951238	100	cis
outcome744	regressor1	0.0995329228261456	0.624917163006907	1.64712223929836	100	cis
outcome744	regressor2	0.0737326460446236	0.693193936936764	1.78826883079575	100	cis
outcome749	regressor2	0.0318272505736934	-0.809556739272071	-2.14657351161662	100	cis
outcome755	regressor2	0.0940417562539475	0.613909767202537	1.67445222495852	100	cis
outcome757	regressor1	0.0250956958928922	-0.766665348031251	-2.23992648507453	100	cis
outcome764	regressor1	0.0733426996628901	-0.5933270483066	-1.79069221514048	100	cis
outcome769	regressor1	0.0306327853933688	0.764670780012479	2.16181050549123	100	cis
outcome772	regressor1	0.0596372943948393	-0.675515300371809	-1.88346562286492	100	cis
outcome780	regressor2	0.0425252745345017	-0.643744646156183	-2.02834279092629	100	cis
outcome782	regressor1	0.0120294157680506	-0.894838258957852	-2.51128024275342	100	cis
outcome793	regressor1	0.0924353871366202	-0.631868572462688	-1.68268861352272	100	cis
outcome794	regressor2	0.0329187631890203	-0.750242928814439	-2.13307269618879	100	cis
outcome800	regressor1	0.0388527239796559	0.800661574636795	2.06574330475783	100	cis
outcome802	regressor1	0.0758747254208273	0.615255845347385	1.77514029274693	100	cis
outcome805	regressor1	0.0938980427042515	-0.631071246700739	-1.67518447470902	100	cis
outcome805	regressor2	0.0614904369484835	-0.717551004951335	-1.869952337038	100	cis
outcome828	regressor2	0.0994799038823672	0.58100340290124	1.64738029075062	100	cis
outcome834	regressor2	0.00997294095011313	-0.871281843775122	-2.57676610146075	100	cis
outcome835	regressor1	0.0940009604740974	0.62240694345169	1.67465999649098	100	cis
outcome841	regressor2	0.0567348553338449	0.68766535011354	1.90534795779766	100	cis
outcome844	regressor2	0.0534355789231332	-0.76130486094044	-1.93138402749801	100	cis
outcome855	regressor1	0.0239018094684346	-0.736612040595619	-2.25870390400317	100	cis
outcome85	regressor2	0.0454857907287943	-0.750917841402279	-2.00013405120129	100	cis
outcome863	regressor2	0.0344146972461212	0.769004685099215	2.11517896264865	100	cis
outcome866	regressor2	0.043089940661067	0.704871128099365	2.02283714474823	100	cis
outcome872	regressor1	0.00972108798643541	-0.928923817168751	-2.5855957088647	100	cis
outcome874	regressor2	0.0422411792150209	0.690583655800642	2.03113620936407	100	cis
outcome878	regressor2	0.0523260405368736	-0.719542231073195	-1.94044163731235	100	cis
outcome880	regressor2	0.0305288452968722	-0.679628279940051	-2.1631603942565	100	cis
outcome884	regressor2	0.0417512879868961	0.673267789858573	2.03599071150971	100	cis
outcome885	regressor1	0.0188110571822456	0.759922001070323	2.34925424677012	100	cis
outcome886	regressor1	0.0769270557336066	-0.693041487129703	-1.76880120425506	100	cis
outcome88	regressor1	0.0084558244739562	-0.998119493220553	-2.63330552621074	100	cis
outcome891	regressor1	0.0133749000998277	-0.898979386418674	-2.47362768370506	100	cis
outcome898	regressor1	0.0188643982674974	-0.869480971730896	-2.34819981495113	100	cis
outcome899	regressor2	0.0270892778889649	-0.863761744824701	-2.21022893361297	100	cis
outcome90	regressor1	0.000618545190970514	1.07352598948232	3.42334938438702	100	cis
outcome911	regressor1	0.0100999476929507	0.918056159852762	2.57238852205336	100	cis
outcome912	regressor1	0.0632018528492972	-0.742672118846116	-1.85776880501597	100	cis
outcome913	regressor2	0.0289628804124557	0.778358212597588	2.18399139450485	100	cis
outcome917	regressor1	0.0386405935084096	0.78976346056339	2.06799393400781	100	cis
outcome920	regressor1	0.0158916632946754	0.814182474884086	2.41139416612064	100	cis
outcome924	regressor1	0.0615703102558693	0.568737473775325	1.86937751729	100	cis
outcome930	regressor2	0.0667255298343387	0.672287226939579	1.83351829878525	100	cis
outcome938	regressor1	0.0130168656169157	-0.86530993346808	-2.48330753112595	100	cis
outcome939	regressor2	0.0798668828875971	-0.665449714042631	-1.75145897001438	100	cis
outcome944	regressor1	0.0924246403940854	-0.64814963463883	-1.68274410121363	100	cis
outcome948	regressor1	0.0807140557208745	0.583877523835293	1.74655789784555	100	cis
outcome94	regressor1	0.0152686792701357	-0.840421537984385	-2.42594273624882	100	cis
outcome951	regressor2	0.0630948402488141	-0.609461054347324	-1.85852257750863	100	cis
outcome955	regressor1	0.0728167074193879	-0.583084399620283	-1.79397783051151	100	cis
outcome95	regressor2	0.0693309676679492	0.619879844688313	1.81625693720836	100	cis
outcome971	regressor2	0.0376880151418001	-0.728243316710404	-2.07823179307501	100	cis
outcome973	regressor1	0.0958963692309035	0.516404006189337	1.66508214087076	100	cis
outcome980	regressor2	0.0718686773590085	0.653229947037321	1.79994908962191	100	cis
outcome984	regressor2	0.0267747701717827	-0.741335768750557	-2.21478580251854	100	cis
outcome987	regressor2	1.35067218646505e-05	-1.54762573070121	-4.3517305069795	100	cis
outcome990	regressor1	0.0309066638993854	-0.790144052282448	-2.15827234047619	100	cis
outcome990	regressor2	0.0331857447354853	-0.798897188802008	-2.12982886441803	100	cis
outcome999	regressor1	0.0505067562121754	0.669882926835397	1.95564696580161	100	cis
outcome9	regressor1	0.0817019557699952	-0.613978527345407	-1.74089516853525	100	cis
