F : 'data.frame':	30 obs. of  2 variables:
 $ sampleID: Factor w/ 30 levels "sample1","sample10",..: 1 12 23 25 26 27 28 29 30 2 ...
 $ F1      : num  0.114 0.622 0.609 0.623 0.861 ...
option_list : List of 6
 $ :Formal class 'OptionParserOption' [package "optparse"] with 8 slots
 $ :Formal class 'OptionParserOption' [package "optparse"] with 8 slots
 $ :Formal class 'OptionParserOption' [package "optparse"] with 8 slots
 $ :Formal class 'OptionParserOption' [package "optparse"] with 8 slots
 $ :Formal class 'OptionParserOption' [package "optparse"] with 8 slots
 $ :Formal class 'OptionParserOption' [package "optparse"] with 8 slots
opts : List of 7
 $ regressors: num 100
 $ outcomes  : num 1
 $ samples   : num 30
 $ fixef     : num 1
 $ output    : chr "/tmp/tmp.oJXTKqpbgZ"
 $ seed      : num 1234
 $ help      : logi FALSE
outcomesIDs :  chr "outcome1"
parser : Formal class 'OptionParser' [package "optparse"] with 4 slots
R : 'data.frame':	30 obs. of  2 variables:
 $ sampleID: Factor w/ 30 levels "sample1","sample10",..: 1 12 23 25 26 27 28 29 30 2 ...
 $ R1      : Factor w/ 2 levels "1","2": 1 2 1 2 1 2 1 2 1 2 ...
regressorsIDs :  chr [1:100] "regressor1" "regressor2" "regressor3" "regressor4" ...
samplesIDs :  chr [1:30] "sample1" "sample2" "sample3" "sample4" "sample5" ...
X : 'data.frame':	3000 obs. of  3 variables:
 $ regressorID: Factor w/ 100 levels "regressor1","regressor10",..: 1 1 1 1 1 1 1 1 1 1 ...
 $ sampleID   : Factor w/ 30 levels "sample1","sample10",..: 1 2 3 4 5 6 7 8 9 10 ...
 $ value      : num  0.166 0.483 0.13 0.307 0.125 ...
Y : 'data.frame':	30 obs. of  3 variables:
 $ outcomeID: Factor w/ 1 level "outcome1": 1 1 1 1 1 1 1 1 1 1 ...
 $ sampleID : Factor w/ 30 levels "sample1","sample10",..: 1 2 3 4 5 6 7 8 9 10 ...
 $ value    : num  -0.11 -0.694 -1.448 0.575 -1.024 ...
chromosomeLength = 100
  reporterID chromosome start end
1   outcome1          1     1   2
       SNPID chromosome position
1 regressor1          1        1
2 regressor2          1        2
3 regressor3          1        3
4 regressor4          1        4
5 regressor5          1        5
6 regressor6          1        6
analysis completed.
List of 14
 $ regressors           : chr "/tmp/tmp.oJXTKqpbgZ/regressors"
 $ outcomes             : chr "/tmp/tmp.oJXTKqpbgZ/outcomes"
 $ fixef                : chr "/tmp/tmp.oJXTKqpbgZ/fixef"
 $ ranef                : chr "/tmp/tmp.oJXTKqpbgZ/ranef"
 $ genespos             : chr "/tmp/tmp.oJXTKqpbgZ/genespos.sqlite"
 $ snpspos              : chr "/tmp/tmp.oJXTKqpbgZ/snpspos.sqlite"
 $ cis-window           : num 5e+05
 $ trans-pvalue         : num 0.001
 $ cis-pvalue           : num 0.1
 $ cores                : num 1
 $ max-regressions      : int 10000
 $ regressors-chunk-size: int 301
 $ header               : logi FALSE
 $ help                 : logi FALSE
reading outcomes data...
done:
'data.frame':	30 obs. of  3 variables:
 $ reporterID: chr  "outcome1" "outcome1" "outcome1" "outcome1" ...
 $ sampleID  : chr  "sample1" "sample10" "sample11" "sample12" ...
 $ expression: num  -0.11 -0.694 -1.448 0.575 -1.024 ...
reading fixed effects data...
done:
'data.frame':	30 obs. of  2 variables:
 $ sampleID: chr  "sample1" "sample2" "sample3" "sample4" ...
 $ F1      : num  0.114 0.622 0.609 0.623 0.861 ...
reading random effects data...
done:
'data.frame':	30 obs. of  2 variables:
 $ sampleID: chr  "sample1" "sample2" "sample3" "sample4" ...
 $ R1      : int  1 2 1 2 1 2 1 2 1 2 ...
merging covariates data...
'data.frame':	30 obs. of  3 variables:
 $ sampleID: chr  "sample1" "sample10" "sample11" "sample12" ...
 $ F1      : num  0.114 0.514 0.694 0.545 0.283 ...
 $ R1      : int  1 2 1 2 1 2 1 2 1 2 ...
merging outcomes data...
'data.frame':	30 obs. of  5 variables:
 $ sampleID  : chr  "sample1" "sample10" "sample11" "sample12" ...
 $ reporterID: chr  "outcome1" "outcome1" "outcome1" "outcome1" ...
 $ expression: num  -0.11 -0.694 -1.448 0.575 -1.024 ...
 $ F1        : num  0.114 0.514 0.694 0.545 0.283 ...
 $ R1        : int  1 2 1 2 1 2 1 2 1 2 ...
model formula:
expression ~ alleleCopyNumber + F1 + (1 | R1)

checking input data format...
OK. detected 30 samples:
 chr [1:30] "sample1" "sample10" "sample11" "sample12" "sample13" ...
output columns: 'reporterID', 'regressorID', 'pvalue', 'beta', 't', 'nobs', 'isCis'
session info:
R version 3.2.3 (2015-12-10)
Platform: x86_64-pc-linux-gnu (64-bit)
Running under: Ubuntu 16.04.1 LTS

locale:
 [1] LC_CTYPE=en_US.UTF-8       LC_NUMERIC=C              
 [3] LC_TIME=en_US.UTF-8        LC_COLLATE=en_US.UTF-8    
 [5] LC_MONETARY=pl_PL.UTF-8    LC_MESSAGES=en_US.UTF-8   
 [7] LC_PAPER=pl_PL.UTF-8       LC_NAME=C                 
 [9] LC_ADDRESS=C               LC_TELEPHONE=C            
[11] LC_MEASUREMENT=pl_PL.UTF-8 LC_IDENTIFICATION=C       

attached base packages:
[1] methods   stats     graphics  grDevices utils     datasets  base     

other attached packages:
[1] RSQLite_1.0.0  DBI_0.5-1      lme4_1.1-12    Matrix_1.2-7.1 plyr_1.8.4    
[6] reshape_0.8.5  optparse_1.3.2

loaded via a namespace (and not attached):
[1] minqa_1.2.4     MASS_7.3-45     Rcpp_0.12.7     getopt_1.20.0  
[5] splines_3.2.3   nlme_3.1-128    grid_3.2.3      nloptr_1.0.4   
[9] lattice_0.20-34

=> main loop started on Thu Sep 22 13:23:27 2016

no more lines in input: terminating...

=> main loop completed on Thu Sep 22 13:23:31 2016

100 regressors processed in 3.984698 secs
 reading input: 0.02076173 secs
 joining input data: 0.01621294 secs
 processing: 3.186305 secs
 filtering output: 0.05293179 secs
 writing output: 0.004573822 secs
 garbage collection: 0.6601684 secs
analysis completed.
