outcome1	regressor13	0.0413585639473498	1.1228262149956	2.1421219517932	30	cis
outcome1	regressor38	0.0939297557419072	-1.05688374373182	-1.73619155345744	30	cis
outcome1	regressor53	0.0290355799083535	1.33138759857055	2.3057993202411	30	cis
outcome1	regressor54	0.0117272586898911	-1.39744857170104	-2.70339654496705	30	cis
outcome1	regressor57	0.00891024380027546	1.55303571940505	2.81900906182035	30	cis
outcome1	regressor59	0.00703647462345613	1.30232479159176	2.91691924814903	30	cis
outcome1	regressor60	0.0548539156460681	1.13608405278068	2.00703218865102	30	cis
outcome1	regressor70	0.0249319184139897	1.14382002011599	2.37464118789848	30	cis
outcome1	regressor75	0.0227529996998335	-1.13879823936839	-2.4155254158886	30	cis
outcome1	regressor82	0.0215896088535815	1.26858090477791	2.43884923715793	30	cis
outcome1	regressor94	0.0555691413512051	-1.07545513282165	-2.00072930508405	30	cis
