outcome1	regressor13	0.0321836698773298	1.12282621499559	2.14212195179319	30	cis
outcome1	regressor38	0.0825299702650136	-1.05688374373182	-1.73619155345744	30	cis
outcome1	regressor53	0.0211218482358304	1.33138759857055	2.30579932024109	30	cis
outcome1	regressor54	0.0068634810013882	-1.39744857170104	-2.70339654496705	30	cis
outcome1	regressor57	0.00481721581441327	1.55303571940505	2.81900906182035	30	cis
outcome1	regressor59	0.00353507281403762	1.30232479159176	2.91691924814903	30	cis
outcome1	regressor60	0.0447462357066469	1.13608405278068	2.00703218865102	30	cis
outcome1	regressor69	0.0907238624910898	1.0592726639118	1.69159163519604	30	cis
outcome1	regressor70	0.0175660167533465	1.14382002011599	2.37464118789847	30	cis
outcome1	regressor75	0.0157125258704374	-1.13879823936839	-2.4155254158886	30	cis
outcome1	regressor82	0.0147341138793449	1.26858090477791	2.43884923715793	30	cis
outcome1	regressor94	0.0454215695367436	-1.07545513282165	-2.00072930508405	30	cis
