F : 'data.frame':	30 obs. of  2 variables:
 $ sampleID: Factor w/ 30 levels "sample1","sample10",..: 1 12 23 25 26 27 28 29 30 2 ...
 $ F1      : num  0.114 0.622 0.609 0.623 0.861 ...
option_list : List of 6
 $ :Formal class 'OptionParserOption' [package "optparse"] with 8 slots
 $ :Formal class 'OptionParserOption' [package "optparse"] with 8 slots
 $ :Formal class 'OptionParserOption' [package "optparse"] with 8 slots
 $ :Formal class 'OptionParserOption' [package "optparse"] with 8 slots
 $ :Formal class 'OptionParserOption' [package "optparse"] with 8 slots
 $ :Formal class 'OptionParserOption' [package "optparse"] with 8 slots
opts : List of 7
 $ regressors: num 100
 $ outcomes  : num 1
 $ samples   : num 30
 $ fixef     : num 1
 $ output    : chr "/tmp/tmp.fYmWpJPRcs"
 $ seed      : num 1234
 $ help      : logi FALSE
outcomesIDs :  chr "outcome1"
parser : Formal class 'OptionParser' [package "optparse"] with 4 slots
R : 'data.frame':	30 obs. of  2 variables:
 $ sampleID: Factor w/ 30 levels "sample1","sample10",..: 1 12 23 25 26 27 28 29 30 2 ...
 $ R1      : Factor w/ 2 levels "1","2": 1 2 1 2 1 2 1 2 1 2 ...
regressorsIDs :  chr [1:100] "regressor1" "regressor2" "regressor3" "regressor4" ...
samplesIDs :  chr [1:30] "sample1" "sample2" "sample3" "sample4" "sample5" ...
X : 'data.frame':	3000 obs. of  3 variables:
 $ regressorID: Factor w/ 100 levels "regressor1","regressor10",..: 1 1 1 1 1 1 1 1 1 1 ...
 $ sampleID   : Factor w/ 30 levels "sample1","sample10",..: 1 2 3 4 5 6 7 8 9 10 ...
 $ value      : num  0.166 0.483 0.13 0.307 0.125 ...
Y : 'data.frame':	30 obs. of  3 variables:
 $ outcomeID: Factor w/ 1 level "outcome1": 1 1 1 1 1 1 1 1 1 1 ...
 $ sampleID : Factor w/ 30 levels "sample1","sample10",..: 1 2 3 4 5 6 7 8 9 10 ...
 $ value    : num  -0.11 -0.694 -1.448 0.575 -1.024 ...
chromosomeLength = 100
  reporterID chromosome start end
1   outcome1          1     1   2
       SNPID chromosome position
1 regressor1          1        1
2 regressor2          1        2
3 regressor3          1        3
4 regressor4          1        4
5 regressor5          1        5
6 regressor6          1        6
analysis completed.
List of 13
 $ regressors           : chr "/tmp/tmp.fYmWpJPRcs/regressors"
 $ outcomes             : chr "/tmp/tmp.fYmWpJPRcs/outcomes"
 $ fixef                : chr "/tmp/tmp.fYmWpJPRcs/fixef"
 $ ranef                : chr "/tmp/tmp.fYmWpJPRcs/ranef"
 $ genespos             : chr "/tmp/tmp.fYmWpJPRcs/genespos.sqlite"
 $ snpspos              : chr "/tmp/tmp.fYmWpJPRcs/snpspos.sqlite"
 $ cis-window           : num 5e+05
 $ trans-pvalue         : num 0.001
 $ cis-pvalue           : num 0.1
 $ cores                : num 1
 $ max-regressions      : int 10000
 $ regressors-chunk-size: int 301
 $ help                 : logi FALSE
reading outcomes data...
done:
'data.frame':	30 obs. of  3 variables:
 $ reporterID: chr  "outcome1" "outcome1" "outcome1" "outcome1" ...
 $ sampleID  : chr  "sample1" "sample10" "sample11" "sample12" ...
 $ expression: num  -0.11 -0.694 -1.448 0.575 -1.024 ...
reading fixed effects data...
done:
'data.frame':	30 obs. of  2 variables:
 $ sampleID: chr  "sample1" "sample2" "sample3" "sample4" ...
 $ F1      : num  0.114 0.622 0.609 0.623 0.861 ...
reading random effects data...
done:
'data.frame':	30 obs. of  2 variables:
 $ sampleID: chr  "sample1" "sample2" "sample3" "sample4" ...
 $ R1      : int  1 2 1 2 1 2 1 2 1 2 ...
merging covariates data...
'data.frame':	30 obs. of  3 variables:
 $ sampleID: chr  "sample1" "sample10" "sample11" "sample12" ...
 $ F1      : num  0.114 0.514 0.694 0.545 0.283 ...
 $ R1      : int  1 2 1 2 1 2 1 2 1 2 ...
merging outcomes data...
'data.frame':	30 obs. of  5 variables:
 $ sampleID  : chr  "sample1" "sample10" "sample11" "sample12" ...
 $ reporterID: chr  "outcome1" "outcome1" "outcome1" "outcome1" ...
 $ expression: num  -0.11 -0.694 -1.448 0.575 -1.024 ...
 $ F1        : num  0.114 0.514 0.694 0.545 0.283 ...
 $ R1        : int  1 2 1 2 1 2 1 2 1 2 ...
model formula:
expression ~ alleleCopyNumber + F1 + (1 | R1)

=> main loop started on Wed Apr 30 13:20:04 2014

no more lines in input: terminating...

=> main loop completed on Wed Apr 30 13:20:08 2014

100 regressors processed in 3.860734 secs
 reading input: 0.02064228 secs
 joining data: 0.01947212 secs
 processing: 3.018926 secs
 filtering output: 0.04732871 secs
 writing output: 0.004678488 secs
 garbage collection: 0.7122273 secs
analysis completed.
