outcome1	regressor1	0.364629549653175	NA	0.821885213737005	30	anyInteraction	cis
outcome1	regressor1	0.395440428592468	-3.26214511920454	-0.849792556745003	30	:FI1	cis
outcome1	regressor1	0.496619128788175	1.02677508703575	0.679818914418145	30	alleleCopyNumber	cis
outcome1	regressor2	0.394703454780806	1.11628650691491	0.85111863487556	30	alleleCopyNumber	cis
outcome1	regressor2	0.877747051990963	NA	0.0236623917667771	30	anyInteraction	cis
outcome1	regressor2	0.88610670970654	0.422610119284672	0.143232314426456	30	:FI1	cis
outcome2	regressor1	0.149006274181118	-1.79175052254368	-1.44305039975722	30	alleleCopyNumber	cis
outcome2	regressor1	0.945227544922157	NA	0.00471984074059151	30	anyInteraction	cis
outcome2	regressor1	0.949002270920703	-0.201841802749216	-0.0639597563793871	30	:FI1	cis
outcome2	regressor2	0.000855801321465521	3.26752484372777	3.33408619861495	30	alleleCopyNumber	cis
outcome2	regressor2	0.163986297532711	NA	1.93707666097099	30	anyInteraction	cis
outcome2	regressor2	0.187877343027694	-2.90337455703255	-1.31688449932117	30	:FI1	cis
