F : 'data.frame':	30 obs. of  2 variables:
 $ sampleID: Factor w/ 30 levels "sample1","sample10",..: 1 12 23 25 26 27 28 29 30 2 ...
 $ F1      : num  0.114 0.622 0.609 0.623 0.861 ...
option_list : List of 6
 $ :Formal class 'OptionParserOption' [package "optparse"] with 8 slots
 $ :Formal class 'OptionParserOption' [package "optparse"] with 8 slots
 $ :Formal class 'OptionParserOption' [package "optparse"] with 8 slots
 $ :Formal class 'OptionParserOption' [package "optparse"] with 8 slots
 $ :Formal class 'OptionParserOption' [package "optparse"] with 8 slots
 $ :Formal class 'OptionParserOption' [package "optparse"] with 8 slots
opts : List of 7
 $ regressors: num 2
 $ outcomes  : num 2
 $ samples   : num 30
 $ fixef     : num 1
 $ output    : chr "/tmp/tmp.mA9WrR0U8Q"
 $ seed      : num 1234
 $ help      : logi FALSE
outcomesIDs :  chr [1:2] "outcome1" "outcome2"
parser : Formal class 'OptionParser' [package "optparse"] with 4 slots
R : 'data.frame':	30 obs. of  2 variables:
 $ sampleID: Factor w/ 30 levels "sample1","sample10",..: 1 12 23 25 26 27 28 29 30 2 ...
 $ R1      : Factor w/ 2 levels "1","2": 1 2 1 2 1 2 1 2 1 2 ...
regressorsIDs :  chr [1:2] "regressor1" "regressor2"
samplesIDs :  chr [1:30] "sample1" "sample2" "sample3" "sample4" "sample5" ...
X : 'data.frame':	60 obs. of  3 variables:
 $ regressorID: Factor w/ 2 levels "regressor1","regressor2": 1 1 1 1 1 1 1 1 1 1 ...
 $ sampleID   : Factor w/ 30 levels "sample1","sample10",..: 1 2 3 4 5 6 7 8 9 10 ...
 $ value      : num  0.439 0.802 0.757 0.709 0.344 ...
Y : 'data.frame':	60 obs. of  3 variables:
 $ outcomeID: Factor w/ 2 levels "outcome1","outcome2": 1 1 1 1 1 1 1 1 1 1 ...
 $ sampleID : Factor w/ 30 levels "sample1","sample10",..: 1 2 3 4 5 6 7 8 9 10 ...
 $ value    : num  -0.11 -0.501 -1.168 -1.341 -0.466 ...
chromosomeLength = 4
  reporterID chromosome start end
1   outcome1          1     1   2
2   outcome2          1     5   6
       SNPID chromosome position
1 regressor1          1        1
2 regressor2          1        5
analysis completed.
List of 15
 $ regressors           : chr "/tmp/tmp.mA9WrR0U8Q/regressors"
 $ outcomes             : chr "/tmp/tmp.mA9WrR0U8Q/outcomes"
 $ fixef                : chr "/tmp/tmp.mA9WrR0U8Q/fixef"
 $ intef                : chr "/tmp/tmp.mA9WrR0U8Q/intef"
 $ ranef                : chr "/tmp/tmp.mA9WrR0U8Q/ranef"
 $ genespos             : chr "/tmp/tmp.mA9WrR0U8Q/genespos.sqlite"
 $ snpspos              : chr "/tmp/tmp.mA9WrR0U8Q/snpspos.sqlite"
 $ cis-window           : num 5e+05
 $ trans-pvalue         : num 1
 $ cis-pvalue           : num 1
 $ cores                : num 1
 $ max-regressions      : int 10000
 $ regressors-chunk-size: int 1000
 $ header               : logi FALSE
 $ help                 : logi FALSE
reading outcomes data...
done:
'data.frame':	60 obs. of  3 variables:
 $ reporterID: chr  "outcome1" "outcome1" "outcome1" "outcome1" ...
 $ sampleID  : chr  "sample1" "sample10" "sample11" "sample12" ...
 $ expression: num  -0.11 -0.501 -1.168 -1.341 -0.466 ...
reading fixed effects data...
done:
'data.frame':	30 obs. of  1 variable:
 $ sampleID: chr  "sample1" "sample2" "sample3" "sample4" ...
reading random effects data...
done:
'data.frame':	30 obs. of  2 variables:
 $ sampleID: chr  "sample1" "sample2" "sample3" "sample4" ...
 $ R1      : int  1 2 1 2 1 2 1 2 1 2 ...
merging covariates data...
'data.frame':	30 obs. of  2 variables:
 $ sampleID: chr  "sample1" "sample10" "sample11" "sample12" ...
 $ R1      : int  1 2 1 2 1 2 1 2 1 2 ...
reading interaction effects data...
done:
'data.frame':	30 obs. of  2 variables:
 $ sampleID: chr  "sample1" "sample2" "sample3" "sample4" ...
 $ FI1     : num  0.114 0.622 0.609 0.623 0.861 ...
merging covariates data...
'data.frame':	30 obs. of  3 variables:
 $ sampleID: chr  "sample1" "sample10" "sample11" "sample12" ...
 $ R1      : int  1 2 1 2 1 2 1 2 1 2 ...
 $ FI1     : num  0.114 0.514 0.694 0.545 0.283 ...
merging outcomes data...
'data.frame':	60 obs. of  5 variables:
 $ sampleID  : chr  "sample1" "sample10" "sample11" "sample12" ...
 $ reporterID: chr  "outcome1" "outcome1" "outcome1" "outcome1" ...
 $ expression: num  -0.11 -0.501 -1.168 -1.341 -0.466 ...
 $ R1        : int  1 2 1 2 1 2 1 2 1 2 ...
 $ FI1       : num  0.114 0.514 0.694 0.545 0.283 ...
model formula:
expression ~ alleleCopyNumber + (1 | R1) + alleleCopyNumber * 
    FI1
baseline formula:
expression ~ alleleCopyNumber + (1 | R1) + alleleCopyNumber + 
    FI1

checking input data format...
OK. detected 30 samples:
 chr [1:30] "sample1" "sample10" "sample11" "sample12" "sample13" ...
output columns: 'reporterID', 'regressorID', 'pvalue', 'beta', 't', 'nobs', 'interactionTerm', 'isCis'
session info:
R version 3.1.1 Patched (2014-08-16 r66408)
Platform: x86_64-unknown-linux-gnu (64-bit)

locale:
 [1] LC_CTYPE=en_US.UTF-8       LC_NUMERIC=C              
 [3] LC_TIME=en_US.UTF-8        LC_COLLATE=en_US.UTF-8    
 [5] LC_MONETARY=en_US.UTF-8    LC_MESSAGES=en_US.UTF-8   
 [7] LC_PAPER=en_US.UTF-8       LC_NAME=C                 
 [9] LC_ADDRESS=C               LC_TELEPHONE=C            
[11] LC_MEASUREMENT=en_US.UTF-8 LC_IDENTIFICATION=C       

attached base packages:
[1] methods   stats     graphics  grDevices utils     datasets  base     

other attached packages:
[1] RSQLite_0.11.4 DBI_0.2-7      lme4_1.1-7     Rcpp_0.11.2    Matrix_1.1-4  
[6] plyr_1.8.1     reshape_0.8.5  optparse_1.2.0

loaded via a namespace (and not attached):
[1] getopt_1.20.0   grid_3.1.1      lattice_0.20-29 MASS_7.3-33    
[5] minqa_1.2.3     nlme_3.1-117    nloptr_1.0.4    splines_3.1.1  

=> main loop started on Sun Aug 17 04:10:20 2014

no more lines in input: terminating...
Warning message:
In optwrap(optimizer, devfun, x@theta, lower = x@lower, calc.derivs = TRUE) :
  convergence code 3 from bobyqa: bobyqa -- a trust region step failed to reduce q

=> main loop completed on Sun Aug 17 04:10:21 2014

2 regressors processed in 1.112079 secs
 reading input: 0.006008625 secs
 joining data: 0.003462076 secs
 processing: 0.7883017 secs
 filtering output: 0.02116728 secs
 writing output: 0.002501726 secs
 garbage collection: 0.2479043 secs
analysis completed.
