F : 'data.frame':	30 obs. of  2 variables:
 $ sampleID: Factor w/ 30 levels "sample1","sample10",..: 1 12 23 25 26 27 28 29 30 2 ...
 $ F1      : num  0.114 0.622 0.609 0.623 0.861 ...
option_list : List of 6
 $ :Formal class 'OptionParserOption' [package "optparse"] with 8 slots
 $ :Formal class 'OptionParserOption' [package "optparse"] with 8 slots
 $ :Formal class 'OptionParserOption' [package "optparse"] with 8 slots
 $ :Formal class 'OptionParserOption' [package "optparse"] with 8 slots
 $ :Formal class 'OptionParserOption' [package "optparse"] with 8 slots
 $ :Formal class 'OptionParserOption' [package "optparse"] with 8 slots
opts : List of 7
 $ regressors: num 2
 $ outcomes  : num 2
 $ samples   : num 30
 $ fixef     : num 1
 $ output    : chr "/tmp/tmp.2oXXoCkkSm"
 $ seed      : num 1234
 $ help      : logi FALSE
outcomesIDs :  chr [1:2] "outcome1" "outcome2"
parser : Formal class 'OptionParser' [package "optparse"] with 4 slots
R : 'data.frame':	30 obs. of  2 variables:
 $ sampleID: Factor w/ 30 levels "sample1","sample10",..: 1 12 23 25 26 27 28 29 30 2 ...
 $ R1      : Factor w/ 2 levels "1","2": 1 2 1 2 1 2 1 2 1 2 ...
regressorsIDs :  chr [1:2] "regressor1" "regressor2"
samplesIDs :  chr [1:30] "sample1" "sample2" "sample3" "sample4" "sample5" ...
X : 'data.frame':	60 obs. of  3 variables:
 $ regressorID: Factor w/ 2 levels "regressor1","regressor2": 1 1 1 1 1 1 1 1 1 1 ...
 $ sampleID   : Factor w/ 30 levels "sample1","sample10",..: 1 2 3 4 5 6 7 8 9 10 ...
 $ value      : num  0.439 0.802 0.757 0.709 0.344 ...
Y : 'data.frame':	60 obs. of  3 variables:
 $ outcomeID: Factor w/ 2 levels "outcome1","outcome2": 1 1 1 1 1 1 1 1 1 1 ...
 $ sampleID : Factor w/ 30 levels "sample1","sample10",..: 1 2 3 4 5 6 7 8 9 10 ...
 $ value    : num  -0.11 -0.501 -1.168 -1.341 -0.466 ...
chromosomeLength = 4
  reporterID chromosome start end
1   outcome1          1     1   2
2   outcome2          1     5   6
       SNPID chromosome position
1 regressor1          1        1
2 regressor2          1        5
analysis completed.
List of 14
 $ regressors           : chr "/tmp/tmp.2oXXoCkkSm/regressors"
 $ outcomes             : chr "/tmp/tmp.2oXXoCkkSm/outcomes"
 $ fixef                : chr "/tmp/tmp.2oXXoCkkSm/fixef"
 $ intef                : chr "/tmp/tmp.2oXXoCkkSm/intef"
 $ ranef                : chr "/tmp/tmp.2oXXoCkkSm/ranef"
 $ genespos             : chr "/tmp/tmp.2oXXoCkkSm/genespos.sqlite"
 $ snpspos              : chr "/tmp/tmp.2oXXoCkkSm/snpspos.sqlite"
 $ cis-window           : num 5e+05
 $ trans-pvalue         : num 1
 $ cis-pvalue           : num 1
 $ cores                : num 1
 $ max-regressions      : int 10000
 $ regressors-chunk-size: int 1000
 $ help                 : logi FALSE
reading outcomes data...
done:
'data.frame':	60 obs. of  3 variables:
 $ reporterID: chr  "outcome1" "outcome1" "outcome1" "outcome1" ...
 $ sampleID  : chr  "sample1" "sample10" "sample11" "sample12" ...
 $ expression: num  -0.11 -0.501 -1.168 -1.341 -0.466 ...
reading fixed effects data...
done:
'data.frame':	30 obs. of  1 variable:
 $ sampleID: chr  "sample1" "sample2" "sample3" "sample4" ...
reading random effects data...
done:
'data.frame':	30 obs. of  2 variables:
 $ sampleID: chr  "sample1" "sample2" "sample3" "sample4" ...
 $ R1      : int  1 2 1 2 1 2 1 2 1 2 ...
merging covariates data...
'data.frame':	30 obs. of  2 variables:
 $ sampleID: chr  "sample1" "sample10" "sample11" "sample12" ...
 $ R1      : int  1 2 1 2 1 2 1 2 1 2 ...
reading interaction effects data...
done:
'data.frame':	30 obs. of  2 variables:
 $ sampleID: chr  "sample1" "sample2" "sample3" "sample4" ...
 $ FI1     : num  0.114 0.622 0.609 0.623 0.861 ...
merging covariates data...
'data.frame':	30 obs. of  3 variables:
 $ sampleID: chr  "sample1" "sample10" "sample11" "sample12" ...
 $ R1      : int  1 2 1 2 1 2 1 2 1 2 ...
 $ FI1     : num  0.114 0.514 0.694 0.545 0.283 ...
merging outcomes data...
'data.frame':	60 obs. of  5 variables:
 $ sampleID  : chr  "sample1" "sample10" "sample11" "sample12" ...
 $ reporterID: chr  "outcome1" "outcome1" "outcome1" "outcome1" ...
 $ expression: num  -0.11 -0.501 -1.168 -1.341 -0.466 ...
 $ R1        : int  1 2 1 2 1 2 1 2 1 2 ...
 $ FI1       : num  0.114 0.514 0.694 0.545 0.283 ...
model formula:
expression ~ alleleCopyNumber + (1 | R1) + alleleCopyNumber * 
    FI1

=> main loop started on Wed May  7 09:31:07 2014

no more lines in input: terminating...

=> main loop completed on Wed May  7 09:31:07 2014

2 regressors processed in 0.4132035 secs
 reading input: 0.005176544 secs
 joining data: 0.002274036 secs
 processing: 0.1741059 secs
 filtering output: 0.01468158 secs
 writing output: 0.001636267 secs
 garbage collection: 0.1794388 secs
analysis completed.
