1007_s_at	rs2	0.341469612263285	1.61617566003394	0.951265506754245	7	trans
1053_at	rs1	0.798637480077157	1.36512385563221	0.255110855439918	7	trans
