reading input data...
done:
'data.frame':	100 obs. of  2 variables:
 $ SNPID     : chr  "regressor1" "regressor10" "regressor100" "regressor11" ...
 $ reporterID: chr  "outcome1" "outcome10" "outcome100" "outcome11" ...
completed.
List of 14
 $ regressors           : chr "/tmp/tmp.LEN5eZ1Myp/regressors"
 $ outcomes             : chr "/tmp/tmp.LEN5eZ1Myp/outcomes"
 $ fixef                : chr "/tmp/tmp.LEN5eZ1Myp/fixef"
 $ ranef                : chr "/tmp/tmp.LEN5eZ1Myp/ranef"
 $ prefilter            : chr "/tmp/tmp.LEN5eZ1Myp/prefilter.sqlite"
 $ genespos             : chr "/tmp/tmp.LEN5eZ1Myp/genespos.sqlite"
 $ snpspos              : chr "/tmp/tmp.LEN5eZ1Myp/snpspos.sqlite"
 $ cis-window           : num 5e+05
 $ trans-pvalue         : num 1
 $ cis-pvalue           : num 1
 $ cores                : num 1
 $ max-regressions      : int 10000
 $ regressors-chunk-size: int 1000
 $ help                 : logi FALSE
reading outcomes data...
done:
'data.frame':	20000 obs. of  3 variables:
 $ reporterID: chr  "outcome1" "outcome1" "outcome1" "outcome1" ...
 $ sampleID  : chr  "sample1" "sample10" "sample100" "sample101" ...
 $ expression: num  0.415 -1.205 -1.817 1.534 -0.391 ...
reading fixed effects data...
done:
'data.frame':	200 obs. of  2 variables:
 $ sampleID: chr  "sample1" "sample2" "sample3" "sample4" ...
 $ F1      : num  0.114 0.622 0.609 0.623 0.861 ...
reading random effects data...
done:
'data.frame':	200 obs. of  2 variables:
 $ sampleID: chr  "sample1" "sample2" "sample3" "sample4" ...
 $ R1      : int  1 2 1 2 1 2 1 2 1 2 ...
merging covariates data...
'data.frame':	200 obs. of  3 variables:
 $ sampleID: chr  "sample1" "sample10" "sample100" "sample101" ...
 $ F1      : num  0.1137 0.5143 0.7421 0.0355 0.5651 ...
 $ R1      : int  1 2 2 1 2 1 2 1 2 1 ...
merging outcomes data...
'data.frame':	20000 obs. of  5 variables:
 $ sampleID  : chr  "sample1" "sample10" "sample100" "sample101" ...
 $ reporterID: chr  "outcome1" "outcome1" "outcome1" "outcome1" ...
 $ expression: num  0.415 -1.205 -1.817 1.534 -0.391 ...
 $ F1        : num  0.1137 0.5143 0.7421 0.0355 0.5651 ...
 $ R1        : int  1 2 2 1 2 1 2 1 2 1 ...
model formula:
expression ~ alleleCopyNumber + F1 + (1 | R1)

=> main loop started on Fri May 23 10:35:27 2014

no more lines in input: terminating...

=> main loop completed on Fri May 23 10:36:47 2014

100 regressors processed in 1.335213 mins
 reading input: 2.095413 secs
 joining data: 28.37372 secs
 processing: 33.39965 secs
 filtering output: 1.371137 secs
 writing output: 0.1025009 secs
 garbage collection: 14.28208 secs
analysis completed.
