outcome1	regressor1	0.635515084822684	0.120706326356262	0.473978716230175	200	cis
outcome10	regressor10	0.90752749589126	0.0273404621311315	0.116157781224282	200	cis
outcome100	regressor100	0.320545149333723	0.245638725237044	0.993338237264152	200	cis
outcome11	regressor11	0.854572474297206	0.0417252226572071	0.183287458600091	200	cis
outcome12	regressor12	0.907735639389597	0.029642070174261	0.11589515018269	200	cis
outcome13	regressor13	0.800618934135393	0.0554090080631142	0.252546166978679	200	cis
outcome14	regressor14	0.0327222855213831	0.522945923382529	2.13547432144595	200	cis
outcome15	regressor15	0.710561158077367	0.0945606143900593	0.371102541581852	200	cis
outcome16	regressor16	0.913513983174694	-0.0274071017438215	-0.108607283952989	200	cis
outcome17	regressor17	0.0850328906328216	0.448953736084263	1.72220223222608	200	cis
outcome18	regressor18	0.0142490356501799	0.612523612580354	2.45092318803042	200	cis
outcome19	regressor19	0.447857782463363	-0.18219478237823	-0.758991264347418	200	cis
outcome2	regressor2	0.361538437094896	0.211271402331102	0.912437536824851	200	cis
outcome20	regressor20	0.273313102672839	-0.262709076874473	-1.09546469925325	200	cis
outcome21	regressor21	0.138007549694483	-0.379652162438736	-1.48325170039426	200	cis
outcome22	regressor22	0.840021176809731	-0.05700540330774	-0.201866391548608	200	cis
outcome23	regressor23	0.230831676668145	-0.305465042232248	-1.1982192410171	200	cis
outcome24	regressor24	0.946250712730043	-0.0152830001038815	-0.0674157729835617	200	cis
outcome25	regressor25	0.759295799320402	-0.0756423842105044	-0.306405660132107	200	cis
outcome26	regressor26	0.913526873608353	-0.023715364911244	-0.108591032640068	200	cis
outcome27	regressor27	0.226609634446476	-0.295318092120368	-1.20913851511298	200	cis
outcome28	regressor28	0.378107534210016	-0.222447449989216	-0.881388584445514	200	cis
outcome29	regressor29	0.71118000131305	-0.0846497822598951	-0.370271775846055	200	cis
outcome3	regressor3	0.536974980833955	0.153828789446523	0.617393844958482	200	cis
outcome30	regressor30	0.652789299456661	-0.101518289596453	-0.449890636556012	200	cis
outcome31	regressor31	0.0660749505771124	-0.413788637618699	-1.8379148700764	200	cis
outcome32	regressor32	0.988794618996152	0.00328922611361562	0.0140443241033326	200	cis
outcome33	regressor33	0.113958680242073	0.379076617381861	1.58064740537628	200	cis
outcome34	regressor34	0.12479521253607	0.367809906900331	1.5349536546542	200	cis
outcome35	regressor35	0.339447285484845	0.247437649830941	0.955257912831313	200	cis
outcome36	regressor36	0.940742421072453	0.0185120422583733	0.0743367683088789	200	cis
outcome37	regressor37	0.884807285286856	-0.0369420858525021	-0.144877887689262	200	cis
outcome38	regressor38	0.774213343523044	0.0690888647468316	0.286868065181944	200	cis
outcome39	regressor39	0.755066066494768	-0.0643403496073534	-0.311966389862835	200	cis
outcome4	regressor4	0.924325778163873	0.0215828447030839	0.094986212586772	200	cis
outcome40	regressor40	0.882424109588209	0.0373907061796517	0.147896931875221	200	cis
outcome41	regressor41	0.757015056486752	0.0749385949498653	0.30940291075703	200	cis
outcome42	regressor42	0.381128379551105	-0.222648618599978	-0.875819109894109	200	cis
outcome43	regressor43	0.118524381416105	0.405167179290737	1.5609973275829	200	cis
outcome44	regressor44	0.185850016582246	0.32402079270809	1.32295598198757	200	cis
outcome45	regressor45	0.00291027694271986	0.708426063258341	2.97705932018816	200	cis
outcome46	regressor46	0.0392846196596118	-0.474481659575473	-2.06119311984532	200	cis
outcome47	regressor47	0.888486166923529	-0.0337516394130692	-0.140220004274174	200	cis
outcome48	regressor48	0.944153390857302	0.0163260490429095	0.0700505933246584	200	cis
outcome49	regressor49	0.174983555797265	0.354899904118021	1.35636345218128	200	cis
outcome5	regressor5	0.0407992396233276	-0.481465808217292	-2.04556447527229	200	cis
outcome50	regressor50	0.683417839814191	0.0996450091816683	0.407803641676949	200	cis
outcome51	regressor51	0.937525509409769	-0.0207948939034447	-0.0783803430304109	200	cis
outcome52	regressor52	0.81112522400114	-0.0596881575813705	-0.238974670206901	200	cis
outcome53	regressor53	0.922020715929141	-0.0217189138344224	-0.0978886459189812	200	cis
outcome54	regressor54	0.82933554367922	0.0554401725603198	0.215553835539574	200	cis
outcome55	regressor55	0.873265586775363	0.0453766748411855	0.15951189585578	200	cis
outcome56	regressor56	0.276827694057915	0.260033108959617	1.08747329576895	200	cis
outcome57	regressor57	0.494420864839186	-0.164385839810033	-0.683294348120656	200	cis
outcome58	regressor58	0.24145362599081	-0.28975166122877	-1.17136118815606	200	cis
outcome59	regressor59	0.536802987304159	-0.158016306198471	-0.617654687340003	200	cis
outcome6	regressor6	0.818349051742968	0.0600930174128432	0.229668914662186	200	cis
outcome60	regressor60	0.80531773705181	0.0636670611845731	0.246470888519188	200	cis
outcome61	regressor61	0.963808078927322	-0.0106353262830961	-0.0453754123141139	200	cis
outcome62	regressor62	0.232639444664773	-0.285246079169795	-1.19358729902457	200	cis
outcome63	regressor63	0.45440438371309	0.196984065858044	0.74809246985427	200	cis
outcome64	regressor64	0.0324039838631248	-0.52947868728417	-2.13939138758632	200	cis
outcome65	regressor65	0.0629216237680387	-0.445013692594118	-1.85974491770203	200	cis
outcome66	regressor66	0.87296678386422	0.0386475472616516	0.159891196006616	200	cis
outcome67	regressor67	0.747150908092005	-0.0777217217682017	-0.322398384283353	200	cis
outcome68	regressor68	0.0738574082040501	-0.395635020305135	-1.78749568937209	200	cis
outcome69	regressor69	0.419750077422519	0.209512042962928	0.806854913182502	200	cis
outcome7	regressor7	0.0195008359029284	0.584270970091891	2.33581595126051	200	cis
outcome70	regressor70	0.972041565562825	-0.00860627498150743	-0.035047875012369	200	cis
outcome71	regressor71	0.153244219825074	0.355368764303297	1.42816552908488	200	cis
outcome72	regressor72	0.402270732744624	-0.196743449174713	-0.837572696253013	200	cis
outcome73	regressor73	0.251757594216616	0.295633915523552	1.14609077497084	200	cis
outcome74	regressor74	0.448659598076828	-0.172207617763033	-0.757651571372026	200	cis
outcome75	regressor75	0.135408685436601	-0.321309550413904	-1.49310889156997	200	cis
outcome76	regressor76	0.600355371737959	-0.122638284738097	-0.523889538173114	200	cis
outcome77	regressor77	0.891681364377243	0.0312094001394186	0.136176990814234	200	cis
outcome78	regressor78	0.941921067626121	0.0166393287380723	0.0728555477755797	200	cis
outcome79	regressor79	0.509231645780058	-0.150269434040559	-0.660034568897183	200	cis
outcome8	regressor8	0.217523342859046	-0.286339262051636	-1.23314051801838	200	cis
outcome80	regressor80	0.360208178923021	0.22498116814413	0.914968477461901	200	cis
outcome81	regressor81	0.616732922688807	0.125827037361272	0.500485984166509	200	cis
outcome82	regressor82	0.411072092785466	-0.201939972416641	-0.822008441083283	200	cis
outcome83	regressor83	0.134040460993746	-0.38153517665932	-1.49835723507094	200	cis
outcome84	regressor84	0.28275259050552	0.271511456359043	1.07415639867882	200	cis
outcome85	regressor85	0.307088526019113	-0.250053856186099	-1.02135025181934	200	cis
outcome86	regressor86	0.0820595270741971	0.470549070939882	1.73885923011561	200	cis
outcome87	regressor87	0.592166039642362	0.120923243654036	0.535699803225746	200	cis
outcome88	regressor88	0.156718753002802	0.326091134894741	1.41619386033638	200	cis
outcome89	regressor89	0.976464572001718	-0.00740414604922834	-0.0295015634889091	200	cis
outcome9	regressor9	0.641887797870566	-0.11508045224291	-0.46506096629347	200	cis
outcome90	regressor90	0.0882243561693203	-0.387070498672167	-1.70483953324917	200	cis
outcome91	regressor91	0.410192850792782	0.202376125815248	0.823554301814422	200	cis
outcome92	regressor92	0.439718710942542	0.202731104799854	0.772668301599155	200	cis
outcome93	regressor93	0.907428987910003	0.0265001602696475	0.11628207929314	200	cis
outcome94	regressor94	0.09695331623411	-0.423370490979256	-1.65980684524514	200	cis
outcome95	regressor95	0.126840003124078	0.404863766642307	1.52668241140116	200	cis
outcome96	regressor96	0.296263364404632	0.247908551504921	1.04448000712912	200	cis
outcome97	regressor97	0.497204550278047	0.187994162087023	0.678894753408794	200	cis
outcome98	regressor98	0.818508150550237	-0.0605138218411073	-0.229464189748444	200	cis
outcome99	regressor99	0.77942283798657	-0.0725457943455271	-0.280071254627908	200	cis
