1007_s_at	rs1	0.49447466660806	-1.03432849704151	-0.736561053179434	7	cis
1007_s_at	rs2	0.157047918234158	1.84277578693906	1.66374666540588	7	trans
1053_at	rs1	0.0794343473759544	-13.3784106590905	-2.19658987442162	7	trans
1053_at	rs2	0.695396862151726	-4.02794797584029	-0.414929129905	7	cis
