1007_s_at	rs1	0.461389326264854	-1.03432849731222	-0.736561054059442	7	cis
1007_s_at	rs2	0.096163066730637	1.84277578675101	1.66374666371277	7	trans
1053_at	rs1	0.0280497465525966	-13.3784106303671	-2.19658992311977	7	trans
1053_at	rs2	0.678193782641081	-4.02794795783168	-0.414929132410026	7	cis
