List of 12
 $ regressors           : chr "data/genotype.bySample.thin"
 $ outcomes             : chr "data/expression.thin"
 $ ranef                : chr "data/ranef.tab"
 $ genespos             : chr "data/genespos.sqlite"
 $ snpspos              : chr "data/snpspos.sqlite"
 $ cis-window           : num 5e+05
 $ trans-pvalue         : num 1
 $ cis-pvalue           : num 1
 $ cores                : num 1
 $ max-regressions      : int 10000
 $ regressors-chunk-size: int 1000
 $ help                 : logi FALSE
reading outcomes data...
done:
'data.frame':	14 obs. of  3 variables:
 $ reporterID: chr  "1007_s_at" "1007_s_at" "1007_s_at" "1007_s_at" ...
 $ sampleID  : chr  "subj1-measure1" "subj1-measure2" "subj2-measure1" "subj2-measure2" ...
 $ expression: num  0.5 2.5 -4 -3 1.1 2.2 3.3 15 25 4 ...
reading random effects data...
done:
'data.frame':	7 obs. of  2 variables:
 $ sampleID: chr  "subj1-measure1" "subj1-measure2" "subj2-measure1" "subj2-measure2" ...
 $ R1      : Factor w/ 5 levels "subj1","subj2",..: 1 1 2 2 3 4 5
merging covariates data...
'data.frame':	7 obs. of  2 variables:
 $ sampleID: chr  "subj1-measure1" "subj1-measure2" "subj2-measure1" "subj2-measure2" ...
 $ R1      : Factor w/ 5 levels "subj1","subj2",..: 1 1 2 2 3 4 5
merging outcomes data...
'data.frame':	14 obs. of  4 variables:
 $ sampleID  : chr  "subj1-measure1" "subj1-measure2" "subj2-measure1" "subj2-measure2" ...
 $ reporterID: chr  "1007_s_at" "1007_s_at" "1007_s_at" "1007_s_at" ...
 $ expression: num  0.5 2.5 -4 -3 1.1 2.2 3.3 15 25 4 ...
 $ R1        : Factor w/ 5 levels "subj1","subj2",..: 1 1 2 2 3 4 5 1 1 2 ...
model formula:
expression ~ alleleCopyNumber + (1 | R1)

=> main loop started on Wed May  7 09:25:10 2014

no more lines in input: terminating...

=> main loop completed on Wed May  7 09:25:11 2014

2 regressors processed in 0.4351103 secs
 reading input: 0.003727913 secs
 joining data: 0.002127647 secs
 processing: 0.1958718 secs
 filtering output: 0.01354527 secs
 writing output: 0.001583099 secs
 garbage collection: 0.1824727 secs
analysis completed.
