1007_s_at	rs1	0.00119107141915394	-2.5	-3.24100967371176	7	alleleCopyNumber	cis
1007_s_at	rs1	0.00241664828370445	NA	9.20265152815528	7	anyInteraction	cis
1007_s_at	rs1	0.01283782001472	3.05	2.4882368610954	7	:FI1B	cis
1007_s_at	rs2	0.0252169552849389	NA	5.00892542777791	7	anyInteraction	trans
1007_s_at	rs2	0.0765814090356707	-1.4	-1.77087548969429	7	:FI1B	trans
1007_s_at	rs2	4.3204630578276e-08	2.5	5.47722557505166	7	alleleCopyNumber	trans
1053_at	rs1	0.216231866156301	NA	1.52920455471121	7	anyInteraction	trans
1053_at	rs1	0.368274861632732	-9.74999999999991	-0.899709509017432	7	alleleCopyNumber	trans
1053_at	rs1	0.619927168742958	-7.75000000000012	-0.495953570786263	7	:FI1B	trans
1053_at	rs2	0.00173120278358026	NA	9.8147237417408	7	anyInteraction	cis
1053_at	rs2	0.0313288979844872	-28.25	-2.15286998518981	7	:FI1B	cis
1053_at	rs2	0.279955239316855	9.75000000000004	1.08041989741518	7	alleleCopyNumber	cis
