1007_s_at	rs1	0.00119103404865365	-2.5	-3.2410186179008	7	alleleCopyNumber	cis
1007_s_at	rs1	0.00241664828370445	NA	9.20265152815528	7	anyInteraction	cis
1007_s_at	rs1	0.0128376381007814	3.05	2.48824190024527	7	:FI1B	cis
1007_s_at	rs2	0.0252169552849389	NA	5.00892542777791	7	anyInteraction	trans
1007_s_at	rs2	0.0765814090356706	-1.4	-1.77087548969429	7	:FI1B	trans
1007_s_at	rs2	4.3204630578276e-08	2.5	5.47722557505166	7	alleleCopyNumber	trans
1053_at	rs1	0.216231866156301	NA	1.52920455471121	7	anyInteraction	trans
1053_at	rs1	0.368276080221227	-9.75000000000001	-0.899707219772266	7	alleleCopyNumber	trans
1053_at	rs1	0.619928009962645	-7.74999999999999	-0.495952378498923	7	:FI1B	trans
1053_at	rs2	0.00173120278358026	NA	9.8147237417408	7	anyInteraction	cis
1053_at	rs2	0.0313289608731697	-28.25	-2.15286918521415	7	:FI1B	cis
1053_at	rs2	0.279955432954855	9.75000000000001	1.08041946237642	7	alleleCopyNumber	cis
