1007_s_at	rs1	0.0251183709385614	-2.5	-4.16908002723199	7	alleleCopyNumber	cis
1007_s_at	rs1	0.0606781758417777	3.05	2.93656376071449	7	:FI1B	cis
1007_s_at	rs1	0.0606781758417777	NA	8.6234067207416	7	anyInteraction	cis
1007_s_at	rs2	0.0119669122985474	2.5	5.47722557505167	7	alleleCopyNumber	trans
1007_s_at	rs2	0.174712623036528	-1.4	-1.77087548969429	7	:FI1B	trans
1007_s_at	rs2	0.174712623036529	NA	3.13600000000001	7	anyInteraction	trans
1053_at	rs1	0.15905334730039	-9.75	-1.86491188571026	7	alleleCopyNumber	trans
1053_at	rs1	0.454997260917883	-7.75	-0.855844327080061	7	:FI1B	trans
1053_at	rs1	0.454997260917883	NA	0.732469512195122	7	anyInteraction	trans
1053_at	rs2	0.0386046449311269	-28.25	-3.53125	7	:FI1B	cis
1053_at	rs2	0.0386046449311269	NA	12.4697265625	7	anyInteraction	cis
1053_at	rs2	0.125255531759404	9.75	2.11093692172457	7	alleleCopyNumber	cis
