1007_s_at	rs1	cis
1007_s_at	rs2	trans
1053_at	rs1	trans
1053_at	rs2	cis
