List of 12
 $ regressors           : chr "data/genotype.bySample.thin"
 $ outcomes             : chr "data/expression.thin"
 $ intef                : chr "data/intef.tab"
 $ genespos             : chr "data/genespos.sqlite"
 $ snpspos              : chr "data/snpspos.sqlite"
 $ cis-window           : num 5e+05
 $ trans-pvalue         : num 1
 $ cis-pvalue           : num 1
 $ cores                : num 1
 $ max-regressions      : int 10000
 $ regressors-chunk-size: int 1000
 $ help                 : logi FALSE
reading outcomes data...
done:
'data.frame':	14 obs. of  3 variables:
 $ reporterID: chr  "1007_s_at" "1007_s_at" "1007_s_at" "1007_s_at" ...
 $ sampleID  : chr  "subj1-measure1" "subj1-measure2" "subj2-measure1" "subj2-measure2" ...
 $ expression: num  0.5 2.5 -4 -3 1.1 2.2 3.3 15 25 4 ...
no random effects terms specified: using OLS estimators
reading interaction effects data...
done:
'data.frame':	7 obs. of  2 variables:
 $ sampleID: chr  "subj1-measure1" "subj1-measure2" "subj2-measure1" "subj2-measure2" ...
 $ FI1     : Factor w/ 2 levels "A","B": 1 1 1 1 2 2 2
merging covariates data...
'data.frame':	7 obs. of  2 variables:
 $ sampleID: chr  "subj1-measure1" "subj1-measure2" "subj2-measure1" "subj2-measure2" ...
 $ FI1     : Factor w/ 2 levels "A","B": 1 1 1 1 2 2 2
merging outcomes data...
'data.frame':	14 obs. of  4 variables:
 $ sampleID  : chr  "subj1-measure1" "subj1-measure2" "subj2-measure1" "subj2-measure2" ...
 $ reporterID: chr  "1007_s_at" "1007_s_at" "1007_s_at" "1007_s_at" ...
 $ expression: num  0.5 2.5 -4 -3 1.1 2.2 3.3 15 25 4 ...
 $ FI1       : Factor w/ 2 levels "A","B": 1 1 1 1 2 2 2 1 1 1 ...
model formula:
expression ~ alleleCopyNumber + alleleCopyNumber * FI1
baseline formula:
expression ~ alleleCopyNumber + alleleCopyNumber + FI1

=> main loop started on Wed May 14 18:25:09 2014

no more lines in input: terminating...

=> main loop completed on Wed May 14 18:25:10 2014

2 regressors processed in 0.5486758 secs
 reading input: 0.006901503 secs
 joining data: 0.003705263 secs
 processing: 0.1570237 secs
 filtering output: 0.02788663 secs
 writing output: 0.00252223 secs
 garbage collection: 0.2959836 secs
analysis completed.
