1007_s_at	rs1	0.00331870588786868	3.05	2.93656376071448	7	:FI1B	cis
1007_s_at	rs1	0.0606781758417779	NA	8.62340672074158	7	anyInteraction	cis
1007_s_at	rs1	3.05831598994253e-05	-2.5	-4.16908002723198	7	alleleCopyNumber	cis
1007_s_at	rs2	0.0765814090356697	-1.4	-1.77087548969429	7	:FI1B	trans
1007_s_at	rs2	0.174712623036529	NA	3.13600000000001	7	anyInteraction	trans
1007_s_at	rs2	4.32046305782741e-08	2.5	5.47722557505166	7	alleleCopyNumber	trans
1053_at	rs1	0.0621937561474167	-9.75	-1.86491188571026	7	alleleCopyNumber	trans
1053_at	rs1	0.392083892791888	-7.75000000000001	-0.855844327080061	7	:FI1B	trans
1053_at	rs1	0.454997260917883	NA	0.732469512195123	7	anyInteraction	trans
1053_at	rs2	0.000413600632404541	-28.25	-3.53125	7	:FI1B	cis
1053_at	rs2	0.0347777340053716	9.75	2.11093692172457	7	alleleCopyNumber	cis
1053_at	rs2	0.0386046449311269	NA	12.4697265625	7	anyInteraction	cis
