difference in output data with and without positions annotation:
=end of diff=
gene-SNP pairs are annotated as:
trans
