List of 10
 $ regressors           : chr "data/genotype.bySample.thin"
 $ outcomes             : chr "data/expression.thin"
 $ intef                : chr "data/intef.tab"
 $ cis-window           : num 5e+05
 $ trans-pvalue         : num 1
 $ cis-pvalue           : num 0.1
 $ cores                : num 1
 $ max-regressions      : int 10000
 $ regressors-chunk-size: int 1000
 $ help                 : logi FALSE
reading outcomes data...
done:
'data.frame':	14 obs. of  3 variables:
 $ reporterID: chr  "1007_s_at" "1007_s_at" "1007_s_at" "1007_s_at" ...
 $ sampleID  : chr  "subj1-measure1" "subj1-measure2" "subj2-measure1" "subj2-measure2" ...
 $ expression: num  0.5 2.5 -4 -3 1.1 2.2 3.3 15 25 4 ...
no random effects terms specified: using OLS estimators
reading interaction effects data...
done:
'data.frame':	7 obs. of  2 variables:
 $ sampleID: chr  "subj1-measure1" "subj1-measure2" "subj2-measure1" "subj2-measure2" ...
 $ FI1     : Factor w/ 2 levels "A","B": 1 1 1 1 2 2 2
merging covariates data...
'data.frame':	7 obs. of  2 variables:
 $ sampleID: chr  "subj1-measure1" "subj1-measure2" "subj2-measure1" "subj2-measure2" ...
 $ FI1     : Factor w/ 2 levels "A","B": 1 1 1 1 2 2 2
merging outcomes data...
'data.frame':	14 obs. of  4 variables:
 $ sampleID  : chr  "subj1-measure1" "subj1-measure2" "subj2-measure1" "subj2-measure2" ...
 $ reporterID: chr  "1007_s_at" "1007_s_at" "1007_s_at" "1007_s_at" ...
 $ expression: num  0.5 2.5 -4 -3 1.1 2.2 3.3 15 25 4 ...
 $ FI1       : Factor w/ 2 levels "A","B": 1 1 1 1 2 2 2 1 1 1 ...
model formula:
expression ~ alleleCopyNumber + alleleCopyNumber * FI1
baseline formula:
expression ~ alleleCopyNumber + alleleCopyNumber + FI1

checking input data format...
OK. detected 1 samples:
 chr "subj1-measure1"

=> main loop started on Sat Aug 16 11:07:01 2014

no more lines in input: terminating...

=> main loop completed on Sat Aug 16 11:07:02 2014

2 regressors processed in 0.2579825 secs
 reading input: 0.003556728 secs
 joining data: 0.00205636 secs
 processing: 0.03532338 secs
 filtering output: 0.0006067753 secs
 writing output: 0.001383066 secs
 garbage collection: 0.1740348 secs
analysis completed.
