reporterID	regressorID	pvalue	beta	t	nobs	isCis
1007_s_at	rs1	1.67093397348574e-36	-4.04857761680287	-12.6184424628884	7	cis
1053_at	rs1	0.798637480077157	1.36512385563221	0.255110855439918	7	trans
1007_s_at	rs2	0.341469612263285	1.61617566003394	0.951265506754245	7	trans
1053_at	rs2	0.376907726409755	-2.41735264536876	-0.883608245490484	7	cis
