1007_s_at	rs1	0.223864344896662	-1.48333333333333	-1.38779633679067	7	trans
1053_at	rs1	0.042682205413955	-12.3333333333333	-2.70199501917579	7	trans
1007_s_at	rs2	0.0664467454249414	2.03333333333333	2.33919407376803	7	trans
1053_at	rs2	0.964659616805967	0.333333333333332	0.0465688712367306	7	trans
