options:
List of 5
 $ genespos      : chr "/tmp/tmp.vFWQaDjSXQ/genespos.sqlite"
 $ snpspos       : chr "/tmp/tmp.vFWQaDjSXQ/snpspos.sqlite"
 $ sorted-snpspos: chr "/tmp/tmp.vFWQaDjSXQ/snpspos.sorted.tab"
 $ cis-window    : num 2
 $ help          : logi FALSE
reading (sorted) genes annotation data...
'data.frame':	100 obs. of  4 variables:
 $ reporterID: chr  "outcome1" "outcome2" "outcome3" "outcome4" ...
 $ chr       : chr  "1" "1" "1" "1" ...
 $ start     : num  1 11 21 31 41 51 61 71 81 91 ...
 $ end       : num  2 12 22 32 42 52 62 72 82 92 ...
reading (sorted) genotype annotation data...
'data.frame':	1000 obs. of  3 variables:
 $ SNPID: chr  "regressor1" "regressor2" "regressor3" "regressor4" ...
 $ chr  : chr  "1" "1" "1" "1" ...
 $ pos  : num  1 2 3 4 5 6 7 8 9 10 ...
dumping sorted genotype data to tab-delimited file '/tmp/tmp.vFWQaDjSXQ/snpspos.sorted.tab'
computing cis ranges...
101 out of 100 genes processed in 0.4792514 secs; remaining: -1.318073e-06 hours
writing results on stdout...
analysis completed.
