outcome1	1	6
outcome2	9	16
outcome3	19	26
outcome4	29	36
outcome5	39	46
outcome6	49	56
outcome7	59	66
outcome8	69	76
outcome9	79	86
outcome10	89	96
outcome11	100	107
outcome12	110	117
outcome13	120	127
outcome14	130	137
outcome15	140	147
outcome16	150	157
outcome17	160	167
outcome18	170	177
outcome19	180	187
outcome20	190	197
outcome21	201	208
outcome22	211	218
outcome23	221	228
outcome24	231	238
outcome25	241	248
outcome26	251	258
outcome27	261	268
outcome28	271	278
outcome29	281	288
outcome30	291	298
outcome31	302	309
outcome32	312	319
outcome33	322	329
outcome34	332	339
outcome35	342	349
outcome36	352	359
outcome37	362	369
outcome38	372	379
outcome39	382	389
outcome40	392	399
outcome41	403	410
outcome42	413	420
outcome43	423	430
outcome44	433	440
outcome45	443	450
outcome46	453	460
outcome47	463	470
outcome48	473	480
outcome49	483	490
outcome50	493	500
outcome51	504	511
outcome52	514	521
outcome53	524	531
outcome54	534	541
outcome55	544	551
outcome56	554	561
outcome57	564	571
outcome58	574	581
outcome59	584	591
outcome60	594	601
outcome61	605	612
outcome62	615	622
outcome63	625	632
outcome64	635	642
outcome65	645	652
outcome66	655	662
outcome67	665	672
outcome68	675	682
outcome69	685	692
outcome70	695	702
outcome71	706	713
outcome72	716	723
outcome73	726	733
outcome74	736	743
outcome75	746	753
outcome76	756	763
outcome77	766	773
outcome78	776	783
outcome79	786	793
outcome80	796	803
outcome81	807	814
outcome82	817	824
outcome83	827	834
outcome84	837	844
outcome85	847	854
outcome86	857	864
outcome87	867	874
outcome88	877	884
outcome89	887	894
outcome90	897	904
outcome91	908	915
outcome92	918	925
outcome93	928	935
outcome94	938	945
outcome95	948	955
outcome96	958	965
outcome97	968	975
outcome98	978	985
outcome99	988	995
outcome100	999	1002
