7 samples detected:
 chr [1:7] "subj1-measure1" "subj1-measure2" "subj2-measure1" ...
no data in input: terminating...
2 rows processed in 0.04343009 secs
conversion completed.
3 columns detected in input

scanning input data for IDs...
OK. detected 7 samples:
 chr [1:7] "subj1-measure1" "subj1-measure2" "subj2-measure1" ...

2 rows processed in 0.01120663 secs
conversion completed.
7 samples detected:
 chr [1:7] "subj1-measure1" "subj1-measure2" "subj2-measure1" ...
no data in input: terminating...
2 rows processed in 0.04350758 secs
conversion completed.
3 columns detected in input

scanning input data for IDs...
OK. detected 7 samples:
 chr [1:7] "subj1-measure1" "subj1-measure2" "subj2-measure1" ...

2 rows processed in 0.01126266 secs
conversion completed.
7 samples detected:
 chr [1:7] "subj1-measure1" "subj1-measure2" "subj2-measure1" ...
no data in input: terminating...
2 rows processed in 0.04390836 secs
conversion completed.
