F : 'data.frame':	4 obs. of  2 variables:
 $ sampleID: Factor w/ 4 levels "sample1","sample2",..: 1 2 3 4
 $ F1      : num  0.114 0.622 0.609 0.623
option_list : List of 6
 $ :Formal class 'OptionParserOption' [package "optparse"] with 8 slots
 $ :Formal class 'OptionParserOption' [package "optparse"] with 8 slots
 $ :Formal class 'OptionParserOption' [package "optparse"] with 8 slots
 $ :Formal class 'OptionParserOption' [package "optparse"] with 8 slots
 $ :Formal class 'OptionParserOption' [package "optparse"] with 8 slots
 $ :Formal class 'OptionParserOption' [package "optparse"] with 8 slots
opts : List of 7
 $ regressors: num 1
 $ outcomes  : num 1
 $ samples   : num 4
 $ fixef     : num 1
 $ output    : chr "/tmp/tmp.I7c8LfOgRJ"
 $ seed      : num 1234
 $ help      : logi FALSE
outcomesIDs :  chr "outcome1"
parser : Formal class 'OptionParser' [package "optparse"] with 4 slots
R : 'data.frame':	4 obs. of  2 variables:
 $ sampleID: Factor w/ 4 levels "sample1","sample2",..: 1 2 3 4
 $ R1      : Factor w/ 2 levels "1","2": 1 2 1 2
regressorsIDs :  chr "regressor1"
samplesIDs :  chr [1:4] "sample1" "sample2" "sample3" "sample4"
X : 'data.frame':	4 obs. of  3 variables:
 $ regressorID: Factor w/ 1 level "regressor1": 1 1 1 1
 $ sampleID   : Factor w/ 4 levels "sample1","sample2",..: 1 2 3 4
 $ value      : num  0.283 0.923 0.292 0.837
Y : 'data.frame':	4 obs. of  3 variables:
 $ outcomeID: Factor w/ 1 level "outcome1": 1 1 1 1
 $ sampleID : Factor w/ 4 levels "sample1","sample2",..: 1 2 3 4
 $ value    : num  1.084 -2.346 0.429 0.506
chromosomeLength = 2
  reporterID chromosome start end
1   outcome1          1     1   2
       SNPID chromosome position
1 regressor1          1        1
analysis completed.
List of 12
 $ regressors           : chr "/tmp/tmp.I7c8LfOgRJ/regressors"
 $ outcomes             : chr "/tmp/tmp.I7c8LfOgRJ/outcomes"
 $ fixef                : chr "/tmp/tmp.I7c8LfOgRJ/fixef"
 $ ranef                : chr "/tmp/tmp.I7c8LfOgRJ/ranef"
 $ cis-window           : num 5e+05
 $ trans-pvalue         : num 1
 $ cis-pvalue           : num 1
 $ cores                : num 1
 $ max-regressions      : int 10000
 $ regressors-chunk-size: int 1000
 $ header               : logi FALSE
 $ help                 : logi FALSE
reading outcomes data...
done:
'data.frame':	4 obs. of  3 variables:
 $ reporterID: chr  "outcome1" "outcome1" "outcome1" "outcome1"
 $ sampleID  : chr  "sample1" "sample2" "sample3" "sample4"
 $ expression: num  1.084 -2.346 0.429 0.506
reading fixed effects data...
done:
'data.frame':	4 obs. of  2 variables:
 $ sampleID: chr  "sample1" "sample2" "sample3" "sample4"
 $ F1      : num  0.114 0.622 0.609 0.623
reading random effects data...
done:
'data.frame':	4 obs. of  2 variables:
 $ sampleID: chr  "sample1" "sample2" "sample3" "sample4"
 $ R1      : int  1 2 1 2
merging covariates data...
'data.frame':	4 obs. of  3 variables:
 $ sampleID: chr  "sample1" "sample2" "sample3" "sample4"
 $ F1      : num  0.114 0.622 0.609 0.623
 $ R1      : int  1 2 1 2
merging outcomes data...
'data.frame':	4 obs. of  5 variables:
 $ sampleID  : chr  "sample1" "sample2" "sample3" "sample4"
 $ reporterID: chr  "outcome1" "outcome1" "outcome1" "outcome1"
 $ expression: num  1.084 -2.346 0.429 0.506
 $ F1        : num  0.114 0.622 0.609 0.623
 $ R1        : int  1 2 1 2
model formula:
expression ~ alleleCopyNumber + F1 + (1 | R1)

checking input data format...
OK. detected 4 samples:
 chr [1:4] "sample1" "sample2" "sample3" "sample4"
output columns: 'reporterID', 'regressorID', 'pvalue', 'beta', 't', 'nobs', 'isCis'
session info:
R version 3.1.1 Patched (2014-08-16 r66408)
Platform: x86_64-unknown-linux-gnu (64-bit)

locale:
 [1] LC_CTYPE=en_US.UTF-8       LC_NUMERIC=C              
 [3] LC_TIME=en_US.UTF-8        LC_COLLATE=en_US.UTF-8    
 [5] LC_MONETARY=en_US.UTF-8    LC_MESSAGES=en_US.UTF-8   
 [7] LC_PAPER=en_US.UTF-8       LC_NAME=C                 
 [9] LC_ADDRESS=C               LC_TELEPHONE=C            
[11] LC_MEASUREMENT=en_US.UTF-8 LC_IDENTIFICATION=C       

attached base packages:
[1] methods   stats     graphics  grDevices utils     datasets  base     

other attached packages:
[1] RSQLite_0.11.4 DBI_0.2-7      lme4_1.1-7     Rcpp_0.11.2    Matrix_1.1-4  
[6] plyr_1.8.1     reshape_0.8.5  optparse_1.2.0

loaded via a namespace (and not attached):
[1] getopt_1.20.0   grid_3.1.1      lattice_0.20-29 MASS_7.3-33    
[5] minqa_1.2.3     nlme_3.1-117    nloptr_1.0.4    splines_3.1.1  

=> main loop started on Tue Nov  4 11:29:36 2014

no more lines in input: terminating...

=> main loop completed on Tue Nov  4 11:29:37 2014

1 regressors processed in 0.3482385 secs
 reading input: 0.003975868 secs
 joining input data: 0.001508236 secs
 processing: 0.1453648 secs
 filtering output: 0.0004975796 secs
 writing output: 0.001484394 secs
 garbage collection: 0.1342039 secs
analysis completed.
