geneA	rs1
geneB	rs1
geneB	rs2
geneB	rs3
geneC	rs2
geneC	rs3
geneC	rs4
geneC	rs5
geneD	rs3
